Archive member included to satisfy reference by file (symbol)

c:/nxp/mcuxpressoide_11.1.1_3241/ide/plugins/com.nxp.mcuxpresso.tools.win32_11.1.0.202001081728/tools/bin/../lib/gcc/arm-none-eabi/8.3.1/../../../../arm-none-eabi/lib/thumb/v6-m/nofp\libcr_semihost_nf.a(_cr__main.o)
                              ./startup/startup_lpc802.o (__main)
c:/nxp/mcuxpressoide_11.1.1_3241/ide/plugins/com.nxp.mcuxpresso.tools.win32_11.1.0.202001081728/tools/bin/../lib/gcc/arm-none-eabi/8.3.1/../../../../arm-none-eabi/lib/thumb/v6-m/nofp\libcr_semihost_nf.a(_cr_assert.o)
                              ./drivers/fsl_clock.o (__assertion_failed)
c:/nxp/mcuxpressoide_11.1.1_3241/ide/plugins/com.nxp.mcuxpresso.tools.win32_11.1.0.202001081728/tools/bin/../lib/gcc/arm-none-eabi/8.3.1/../../../../arm-none-eabi/lib/thumb/v6-m/nofp\libcr_semihost_nf.a(__ciob.o)
                              c:/nxp/mcuxpressoide_11.1.1_3241/ide/plugins/com.nxp.mcuxpresso.tools.win32_11.1.0.202001081728/tools/bin/../lib/gcc/arm-none-eabi/8.3.1/../../../../arm-none-eabi/lib/thumb/v6-m/nofp\libcr_semihost_nf.a(_cr_assert.o) (__Ciob)
c:/nxp/mcuxpressoide_11.1.1_3241/ide/plugins/com.nxp.mcuxpresso.tools.win32_11.1.0.202001081728/tools/bin/../lib/gcc/arm-none-eabi/8.3.1/../../../../arm-none-eabi/lib/thumb/v6-m/nofp\libcr_semihost_nf.a(__sys_appexit.o)
                              c:/nxp/mcuxpressoide_11.1.1_3241/ide/plugins/com.nxp.mcuxpresso.tools.win32_11.1.0.202001081728/tools/bin/../lib/gcc/arm-none-eabi/8.3.1/../../../../arm-none-eabi/lib/thumb/v6-m/nofp\libcr_semihost_nf.a(_cr_assert.o) (__sys_appexit)
c:/nxp/mcuxpressoide_11.1.1_3241/ide/plugins/com.nxp.mcuxpresso.tools.win32_11.1.0.202001081728/tools/bin/../lib/gcc/arm-none-eabi/8.3.1/../../../../arm-none-eabi/lib/thumb/v6-m/nofp\libcr_c.a(memset.o)
                              ./drivers/fsl_usart.o (memset)
c:/nxp/mcuxpressoide_11.1.1_3241/ide/plugins/com.nxp.mcuxpresso.tools.win32_11.1.0.202001081728/tools/bin/../lib/gcc/arm-none-eabi/8.3.1/../../../../arm-none-eabi/lib/thumb/v6-m/nofp\libcr_c.a(_deferredlazyseek.o)
                              c:/nxp/mcuxpressoide_11.1.1_3241/ide/plugins/com.nxp.mcuxpresso.tools.win32_11.1.0.202001081728/tools/bin/../lib/gcc/arm-none-eabi/8.3.1/../../../../arm-none-eabi/lib/thumb/v6-m/nofp\libcr_semihost_nf.a(_cr_assert.o) (__flsbuf)
c:/nxp/mcuxpressoide_11.1.1_3241/ide/plugins/com.nxp.mcuxpresso.tools.win32_11.1.0.202001081728/tools/bin/../lib/gcc/arm-none-eabi/8.3.1/../../../../arm-none-eabi/lib/thumb/v6-m/nofp\libcr_c.a(_fflush.o)
                              c:/nxp/mcuxpressoide_11.1.1_3241/ide/plugins/com.nxp.mcuxpresso.tools.win32_11.1.0.202001081728/tools/bin/../lib/gcc/arm-none-eabi/8.3.1/../../../../arm-none-eabi/lib/thumb/v6-m/nofp\libcr_c.a(_deferredlazyseek.o) (_fflush)
c:/nxp/mcuxpressoide_11.1.1_3241/ide/plugins/com.nxp.mcuxpresso.tools.win32_11.1.0.202001081728/tools/bin/../lib/gcc/arm-none-eabi/8.3.1/../../../../arm-none-eabi/lib/thumb/v6-m/nofp\libcr_c.a(_writebuf.o)
                              c:/nxp/mcuxpressoide_11.1.1_3241/ide/plugins/com.nxp.mcuxpresso.tools.win32_11.1.0.202001081728/tools/bin/../lib/gcc/arm-none-eabi/8.3.1/../../../../arm-none-eabi/lib/thumb/v6-m/nofp\libcr_c.a(_deferredlazyseek.o) (_Cwritebuf)
c:/nxp/mcuxpressoide_11.1.1_3241/ide/plugins/com.nxp.mcuxpresso.tools.win32_11.1.0.202001081728/tools/bin/../lib/gcc/arm-none-eabi/8.3.1/../../../../arm-none-eabi/lib/thumb/v6-m/nofp\libcr_c.a(alloc.o)
                              ./drivers/fsl_common.o (malloc)
c:/nxp/mcuxpressoide_11.1.1_3241/ide/plugins/com.nxp.mcuxpresso.tools.win32_11.1.0.202001081728/tools/bin/../lib/gcc/arm-none-eabi/8.3.1/../../../../arm-none-eabi/lib/thumb/v6-m/nofp\libcr_c.a(fputs.o)
                              c:/nxp/mcuxpressoide_11.1.1_3241/ide/plugins/com.nxp.mcuxpresso.tools.win32_11.1.0.202001081728/tools/bin/../lib/gcc/arm-none-eabi/8.3.1/../../../../arm-none-eabi/lib/thumb/v6-m/nofp\libcr_semihost_nf.a(_cr_assert.o) (fputs)
c:/nxp/mcuxpressoide_11.1.1_3241/ide/plugins/com.nxp.mcuxpresso.tools.win32_11.1.0.202001081728/tools/bin/../lib/gcc/arm-none-eabi/8.3.1/../../../../arm-none-eabi/lib/thumb/v6-m/nofp\libcr_c.a(fseek.o)
                              c:/nxp/mcuxpressoide_11.1.1_3241/ide/plugins/com.nxp.mcuxpresso.tools.win32_11.1.0.202001081728/tools/bin/../lib/gcc/arm-none-eabi/8.3.1/../../../../arm-none-eabi/lib/thumb/v6-m/nofp\libcr_c.a(_deferredlazyseek.o) (fseek)
c:/nxp/mcuxpressoide_11.1.1_3241/ide/plugins/com.nxp.mcuxpresso.tools.win32_11.1.0.202001081728/tools/bin/../lib/gcc/arm-none-eabi/8.3.1/../../../../arm-none-eabi/lib/thumb/v6-m/nofp\libcr_c.a(ftell.o)
                              c:/nxp/mcuxpressoide_11.1.1_3241/ide/plugins/com.nxp.mcuxpresso.tools.win32_11.1.0.202001081728/tools/bin/../lib/gcc/arm-none-eabi/8.3.1/../../../../arm-none-eabi/lib/thumb/v6-m/nofp\libcr_c.a(fseek.o) (ftell)
[...]
Memory Configuration

Name             Origin             Length             Attributes
PROGRAM_FLASH    0x00000000         0x00003f80         xr
BOOT_FLASH       0x00003f80         0x00000080         xr
SRAM             0x10000000         0x000007e0         xrw
IAP_SRAM         0x100007e0         0x00000020         xrw
*default*        0x00000000         0xffffffff

Linker script and memory map

LOAD ./utilities/fsl_debug_console.o
LOAD ./startup/startup_lpc802.o
LOAD ./source/ignition_interlock.o
LOAD ./source/semihost_hardfault.o
LOAD ./drivers/fsl_clock.o
LOAD ./drivers/fsl_common.o
LOAD ./drivers/fsl_gpio.o
LOAD ./drivers/fsl_power.o
LOAD ./drivers/fsl_reset.o
LOAD ./drivers/fsl_swm.o
LOAD ./drivers/fsl_usart.o
LOAD ./device/system_LPC802.o
LOAD ./component/uart/miniusart_adapter.o
LOAD ./board/board.o
LOAD ./board/clock_config.o
LOAD ./board/peripherals.o
LOAD ./board/pin_mux.o
START GROUP
LOAD c:/nxp/mcuxpressoide_11.1.1_3241/ide/plugins/com.nxp.mcuxpresso.tools.win32_11.1.0.202001081728/tools/bin/../lib/gcc/arm-none-eabi/8.3.1/../../../../arm-none-eabi/lib/thumb/v6-m/nofp\libcr_semihost_nf.a
LOAD c:/nxp/mcuxpressoide_11.1.1_3241/ide/plugins/com.nxp.mcuxpresso.tools.win32_11.1.0.202001081728/tools/bin/../lib/gcc/arm-none-eabi/8.3.1/../../../../arm-none-eabi/lib/thumb/v6-m/nofp\libcr_c.a
LOAD c:/nxp/mcuxpressoide_11.1.1_3241/ide/plugins/com.nxp.mcuxpresso.tools.win32_11.1.0.202001081728/tools/bin/../lib/gcc/arm-none-eabi/8.3.1/thumb/v6-m/nofp\libcr_eabihelpers.a
LOAD c:/nxp/mcuxpressoide_11.1.1_3241/ide/plugins/com.nxp.mcuxpresso.tools.win32_11.1.0.202001081728/tools/bin/../lib/gcc/arm-none-eabi/8.3.1/thumb/v6-m/nofp\libgcc.a
END GROUP
                0x00000000                __base_PROGRAM_FLASH = 0x0
                0x00000000                __base_Flash = 0x0
                0x00003f80                __top_PROGRAM_FLASH = 0x3f80
                0x00003f80                __top_Flash = 0x3f80
                0x00003f80                __base_BOOT_FLASH = 0x3f80
                0x00003f80                __base_Flash2 = 0x3f80
                0x00004000                __top_BOOT_FLASH = 0x4000
                0x00004000                __top_Flash2 = 0x4000
                0x10000000                __base_SRAM = 0x10000000
                0x10000000                __base_RAM = 0x10000000
                0x100007e0                __top_SRAM = 0x100007e0
                0x100007e0                __top_RAM = 0x100007e0
                0x100007e0                __base_IAP_SRAM = 0x100007e0
                0x100007e0                __base_RAM2 = 0x100007e0
                0x10000800                __top_IAP_SRAM = 0x10000800
                0x10000800                __top_RAM2 = 0x10000800

.text_Flash2    0x00003f80        0x0
 FILL mask 0xff
 *(SORT_BY_ALIGNMENT(.text_Flash2))
 *(SORT_BY_ALIGNMENT(.text_BOOT_FLASH))
 *(SORT_BY_ALIGNMENT(.text.$Flash2))
 *(SORT_BY_ALIGNMENT(.text.$BOOT_FLASH))
 *(SORT_BY_ALIGNMENT(.text_Flash2.*))
 *(SORT_BY_ALIGNMENT(.text_BOOT_FLASH.*))
 *(SORT_BY_ALIGNMENT(.text.$Flash2.*))
 *(SORT_BY_ALIGNMENT(.text.$BOOT_FLASH.*))
 *(SORT_BY_ALIGNMENT(.rodata.$Flash2))
 *(SORT_BY_ALIGNMENT(.rodata.$BOOT_FLASH))
 *(SORT_BY_ALIGNMENT(.rodata.$Flash2.*))
 *(SORT_BY_ALIGNMENT(.rodata.$BOOT_FLASH.*))

.text           0x00000000     0x3418
 FILL mask 0xff
                0x00000000                __vectors_start__ = ABSOLUTE (.)
 *(SORT_BY_ALIGNMENT(.isr_vector))
 .isr_vector    0x00000000       0xc0 ./startup/startup_lpc802.o
                0x00000000                g_pfnVectors
                0x00000000                __Vectors
                0x000000c0                . = ALIGN (0x4)
                0x000000c0                __section_table_start = .
                0x000000c0                __data_section_table = .
                0x000000c0        0x4 LONG 0x3418 LOADADDR (.data)
                0x000000c4        0x4 LONG 0x10000000 ADDR (.data)
                0x000000c8        0x4 LONG 0xc SIZEOF (.data)
                0x000000cc        0x4 LONG 0x3418 LOADADDR (.data_RAM2)
                0x000000d0        0x4 LONG 0x100007e0 ADDR (.data_RAM2)
                0x000000d4        0x4 LONG 0x0 SIZEOF (.data_RAM2)
                0x000000d8                __data_section_table_end = .
                0x000000d8                __bss_section_table = .
                0x000000d8        0x4 LONG 0x1000000c ADDR (.bss)
                0x000000dc        0x4 LONG 0x124 SIZEOF (.bss)
                0x000000e0        0x4 LONG 0x100007e0 ADDR (.bss_RAM2)
                0x000000e4        0x4 LONG 0x0 SIZEOF (.bss_RAM2)
                0x000000e8                __bss_section_table_end = .
                0x000000e8                __section_table_end = .
 *(SORT_BY_ALIGNMENT(.after_vectors*))
 .after_vectors.reset
                0x000000e8       0x58 ./startup/startup_lpc802.o
                0x000000e8                ResetISR
 .after_vectors.init_data
                0x00000140       0x12 ./startup/startup_lpc802.o
                0x00000140                data_init
 .after_vectors.init_bss
                0x00000152       0x10 ./startup/startup_lpc802.o
                0x00000152                bss_init
 .after_vectors
                0x00000162      0x10c ./startup/startup_lpc802.o
                0x00000162                NMI_Handler
                0x00000166                SVC_Handler
                0x00000168                PendSV_Handler
                0x0000016c                I2C0_DriverIRQHandler
                0x0000016c                Reserved21_DriverIRQHandler
                0x0000016c                SPI0_DriverIRQHandler
                0x0000016c                ADC0_OVR_DriverIRQHandler
                0x0000016c                Reserved18_DriverIRQHandler
                0x0000016c                Reserved37_DriverIRQHandler
                0x0000016c                ADC0_SEQA_DriverIRQHandler
                0x0000016c                PIN_INT3_DriverIRQHandler
                0x0000016c                PIN_INT2_DriverIRQHandler
                0x0000016c                CMP_DriverIRQHandler
                0x0000016c                BOD_DriverIRQHandler
                0x0000016c                Reserved36_DriverIRQHandler
                0x0000016c                PIN_INT0_DriverIRQHandler
                0x0000016c                Reserved17_DriverIRQHandler
                0x0000016c                FLASH_DriverIRQHandler
                0x0000016c                Reserved25_DriverIRQHandler
                0x0000016c                IntDefaultHandler
                0x0000016c                Reserved23_DriverIRQHandler
                0x0000016c                PIN_INT1_DriverIRQHandler
                0x0000016c                WKT_DriverIRQHandler
                0x0000016c                MRT0_DriverIRQHandler
                0x0000016c                PIN_INT4_DriverIRQHandler
                0x0000016c                PIN_INT5_DriverIRQHandler
                0x0000016c                ADC0_THCMP_DriverIRQHandler
                0x0000016c                CTIMER0_DriverIRQHandler
                0x0000016c                PIN_INT7_DriverIRQHandler
                0x0000016c                Reserved38_DriverIRQHandler
                0x0000016c                WDT_DriverIRQHandler
                0x0000016c                Reserved22_DriverIRQHandler
                0x0000016c                ADC0_SEQB_DriverIRQHandler
                0x0000016c                PIN_INT6_DriverIRQHandler
                0x0000016e                SPI0_IRQHandler
                0x00000176                Reserved17_IRQHandler
                0x0000017e                Reserved18_IRQHandler
                0x00000186                USART0_IRQHandler
                0x0000018e                USART1_IRQHandler
                0x00000196                Reserved21_IRQHandler
                0x0000019e                Reserved22_IRQHandler
                0x000001a6                Reserved23_IRQHandler
                0x000001ae                I2C0_IRQHandler
                0x000001b6                Reserved25_IRQHandler
                0x000001c6                CMP_IRQHandler
                0x000001ce                WDT_IRQHandler
                0x000001d6                BOD_IRQHandler
                0x000001de                FLASH_IRQHandler
                0x000001e6                WKT_IRQHandler
                0x000001ee                ADC0_SEQA_IRQHandler
                0x000001f6                ADC0_SEQB_IRQHandler
                0x000001fe                ADC0_THCMP_IRQHandler
                0x00000206                ADC0_OVR_IRQHandler
                0x0000020e                Reserved36_IRQHandler
                0x00000216                Reserved37_IRQHandler
                0x0000021e                Reserved38_IRQHandler
                0x00000226                CTIMER0_IRQHandler
                0x00000236                PIN_INT1_IRQHandler
                0x0000023e                PIN_INT2_IRQHandler
                0x00000246                PIN_INT3_IRQHandler
                0x0000024e                PIN_INT4_IRQHandler
                0x00000256                PIN_INT5_IRQHandler
                0x0000025e                PIN_INT6_IRQHandler
                0x00000266                PIN_INT7_IRQHandler
 *(SORT_BY_ALIGNMENT(.text*))
 *fill*         0x0000026e        0x2 ff
 .text.__NVIC_EnableIRQ
                0x00000270       0x34 ./source/ignition_interlock.o
 .text.__NVIC_DisableIRQ
                0x000002a4       0x40 ./source/ignition_interlock.o
 .text.__NVIC_SetPriority
                0x000002e4       0xdc ./source/ignition_interlock.o
 .text.SysTick_Config
                0x000003c0       0x48 ./source/ignition_interlock.o
 .text.delay    0x00000408       0x28 ./source/ignition_interlock.o
                0x00000408                delay
 .text.SysTick_Configuration
                0x00000430       0x38 ./source/ignition_interlock.o
                0x00000430                SysTick_Configuration
 .text.SysTick_Handler
                0x00000468       0x8c ./source/ignition_interlock.o
                0x00000468                SysTick_Handler
 .text.init_ADC
                0x000004f4       0x8c ./source/ignition_interlock.o
                0x000004f4                init_ADC
 .text.MRT_Config
                0x00000580       0x9c ./source/ignition_interlock.o
                0x00000580                MRT_Config
 .text.MRT0_IRQHandler
                0x0000061c      0x1c4 ./source/ignition_interlock.o
                0x0000061c                MRT0_IRQHandler
 .text.PIN_INT0_IRQHandler
                0x000007e0       0xb0 ./source/ignition_interlock.o
                0x000007e0                PIN_INT0_IRQHandler
 .text.main     0x00000890      0x268 ./source/ignition_interlock.o
                0x00000890                main
 .text.setLCDFinalMsg
                0x00000af8      0x184 ./source/ignition_interlock.o
                0x00000af8                setLCDFinalMsg
 .text.setLCDBACMsg
                0x00000c7c       0xcc ./source/ignition_interlock.o
                0x00000c7c                setLCDBACMsg
 .text.HardFault_Handler
                0x00000d48       0x30 ./source/semihost_hardfault.o
                0x00000d48                HardFault_Handler
 .text.CLOCK_UpdateClkSrc
                0x00000d78       0x4c ./drivers/fsl_clock.o
 .text.CLOCK_SetMainClkSrc
                0x00000dc4       0x6c ./drivers/fsl_clock.o
                0x00000dc4                CLOCK_SetMainClkSrc
 .text.CLOCK_SetFroOscFreq
                0x00000e30       0x44 ./drivers/fsl_clock.o
                0x00000e30                CLOCK_SetFroOscFreq
 .text.USART0_DriverIRQHandler
                0x00000e74       0x24 ./drivers/fsl_usart.o
                0x00000e74                USART0_DriverIRQHandler
 .text.USART1_DriverIRQHandler
                0x00000e98       0x24 ./drivers/fsl_usart.o
                0x00000e98                USART1_DriverIRQHandler
 .text.SystemInit
                0x00000ebc       0x2c ./device/system_LPC802.o
                0x00000ebc                SystemInit
 .text.CLOCK_Select
                0x00000ee8       0x38 ./board/clock_config.o
 .text.CLOCK_SetCoreSysClkDiv
                0x00000f20       0x3c ./board/clock_config.o
 .text.POWER_DisablePD
                0x00000f5c       0x2c ./board/clock_config.o
 .text.BOARD_BootClockFRO30M
                0x00000f88       0x4c ./board/clock_config.o
                0x00000f88                BOARD_BootClockFRO30M
 .text.__assertion_failed
                0x00000fd4       0x4c c:/nxp/mcuxpressoide_11.1.1_3241/ide/plugins/com.nxp.mcuxpresso.tools.win32_11.1.0.202001081728/tools/bin/../lib/gcc/arm-none-eabi/8.3.1/../../../../arm-none-eabi/lib/thumb/v6-m/nofp\libcr_semihost_nf.a(_cr_assert.o)
                0x00000fd4                __assertion_failed
 .text.__sys_appexit
                0x00001020        0xc c:/nxp/mcuxpressoide_11.1.1_3241/ide/plugins/com.nxp.mcuxpresso.tools.win32_11.1.0.202001081728/tools/bin/../lib/gcc/arm-none-eabi/8.3.1/../../../../arm-none-eabi/lib/thumb/v6-m/nofp\libcr_semihost_nf.a(__sys_appexit.o)
                0x00001020                __sys_appexit
                0x00001020                __exit
 .text._deferredlazyseek
                0x0000102c       0x40 c:/nxp/mcuxpressoide_11.1.1_3241/ide/plugins/com.nxp.mcuxpresso.tools.win32_11.1.0.202001081728/tools/bin/../lib/gcc/arm-none-eabi/8.3.1/../../../../arm-none-eabi/lib/thumb/v6-m/nofp\libcr_c.a(_deferredlazyseek.o)
                0x0000102c                _deferredlazyseek
 .text.__flsbuf
                0x0000106c      0x14c c:/nxp/mcuxpressoide_11.1.1_3241/ide/plugins/com.nxp.mcuxpresso.tools.win32_11.1.0.202001081728/tools/bin/../lib/gcc/arm-none-eabi/8.3.1/../../../../arm-none-eabi/lib/thumb/v6-m/nofp\libcr_c.a(_deferredlazyseek.o)
                0x0000106c                __flsbuf
 .text._fflush  0x000011b8       0x5c c:/nxp/mcuxpressoide_11.1.1_3241/ide/plugins/com.nxp.mcuxpresso.tools.win32_11.1.0.202001081728/tools/bin/../lib/gcc/arm-none-eabi/8.3.1/../../../../arm-none-eabi/lib/thumb/v6-m/nofp\libcr_c.a(_fflush.o)
                0x000011b8                _fflush
 .text._Cwritebuf
                0x00001214       0x68 c:/nxp/mcuxpressoide_11.1.1_3241/ide/plugins/com.nxp.mcuxpresso.tools.win32_11.1.0.202001081728/tools/bin/../lib/gcc/arm-none-eabi/8.3.1/../../../../arm-none-eabi/lib/thumb/v6-m/nofp\libcr_c.a(_writebuf.o)
                0x00001214                _Cwritebuf
 .text.malloc   0x0000127c       0xcc c:/nxp/mcuxpressoide_11.1.1_3241/ide/plugins/com.nxp.mcuxpresso.tools.win32_11.1.0.202001081728/tools/bin/../lib/gcc/arm-none-eabi/8.3.1/../../../../arm-none-eabi/lib/thumb/v6-m/nofp\libcr_c.a(alloc.o)
                0x0000127c                malloc
 .text._Csys_alloc
                0x00001348       0x20 c:/nxp/mcuxpressoide_11.1.1_3241/ide/plugins/com.nxp.mcuxpresso.tools.win32_11.1.0.202001081728/tools/bin/../lib/gcc/arm-none-eabi/8.3.1/../../../../arm-none-eabi/lib/thumb/v6-m/nofp\libcr_c.a(alloc.o)
                0x00001348                _Csys_alloc
 .text.fseek    0x00001368       0xf0 c:/nxp/mcuxpressoide_11.1.1_3241/ide/plugins/com.nxp.mcuxpresso.tools.win32_11.1.0.202001081728/tools/bin/../lib/gcc/arm-none-eabi/8.3.1/../../../../arm-none-eabi/lib/thumb/v6-m/nofp\libcr_c.a(fseek.o)
                0x00001368                fseek
 .text.ftell    0x00001458       0x48 c:/nxp/mcuxpressoide_11.1.1_3241/ide/plugins/com.nxp.mcuxpresso.tools.win32_11.1.0.202001081728/tools/bin/../lib/gcc/arm-none-eabi/8.3.1/../../../../arm-none-eabi/lib/thumb/v6-m/nofp\libcr_c.a(ftell.o)
                0x00001458                ftell
 .text._initio  0x000014a0       0x7c c:/nxp/mcuxpressoide_11.1.1_3241/ide/plugins/com.nxp.mcuxpresso.tools.win32_11.1.0.202001081728/tools/bin/../lib/gcc/arm-none-eabi/8.3.1/../../../../arm-none-eabi/lib/thumb/v6-m/nofp\libcr_c.a(initio.o)
                0x000014a0                _initio
 .text.setvbuf  0x0000151c       0x4c c:/nxp/mcuxpressoide_11.1.1_3241/ide/plugins/com.nxp.mcuxpresso.tools.win32_11.1.0.202001081728/tools/bin/../lib/gcc/arm-none-eabi/8.3.1/../../../../arm-none-eabi/lib/thumb/v6-m/nofp\libcr_c.a(setvbuf.o)
                0x0000151c                setvbuf
 .text._sbrk    0x00001568       0x40 c:/nxp/mcuxpressoide_11.1.1_3241/ide/plugins/com.nxp.mcuxpresso.tools.win32_11.1.0.202001081728/tools/bin/../lib/gcc/arm-none-eabi/8.3.1/../../../../arm-none-eabi/lib/thumb/v6-m/nofp\libcr_c.a(_cr_sbrk.o)
                0x00001568                _sbrk
 .text._fdopen  0x000015a8       0x74 c:/nxp/mcuxpressoide_11.1.1_3241/ide/plugins/com.nxp.mcuxpresso.tools.win32_11.1.0.202001081728/tools/bin/../lib/gcc/arm-none-eabi/8.3.1/../../../../arm-none-eabi/lib/thumb/v6-m/nofp\libcr_c.a(_fdopen.o)
                0x000015a8                _fdopen
 .text.fclose   0x0000161c       0x5c c:/nxp/mcuxpressoide_11.1.1_3241/ide/plugins/com.nxp.mcuxpresso.tools.win32_11.1.0.202001081728/tools/bin/../lib/gcc/arm-none-eabi/8.3.1/../../../../arm-none-eabi/lib/thumb/v6-m/nofp\libcr_c.a(fclose.o)
                0x0000161c                fclose
 .text.fflush   0x00001678       0x44 c:/nxp/mcuxpressoide_11.1.1_3241/ide/plugins/com.nxp.mcuxpresso.tools.win32_11.1.0.202001081728/tools/bin/../lib/gcc/arm-none-eabi/8.3.1/../../../../arm-none-eabi/lib/thumb/v6-m/nofp\libcr_c.a(fflush.o)
                0x00001678                fflush
 .text.strlen   0x000016bc       0x58 c:/nxp/mcuxpressoide_11.1.1_3241/ide/plugins/com.nxp.mcuxpresso.tools.win32_11.1.0.202001081728/tools/bin/../lib/gcc/arm-none-eabi/8.3.1/../../../../arm-none-eabi/lib/thumb/v6-m/nofp\libcr_c.a(strlen.o)
                0x000016bc                strlen
 .text.__check_heap_overflow
                0x00001714       0x14 c:/nxp/mcuxpressoide_11.1.1_3241/ide/plugins/com.nxp.mcuxpresso.tools.win32_11.1.0.202001081728/tools/bin/../lib/gcc/arm-none-eabi/8.3.1/../../../../arm-none-eabi/lib/thumb/v6-m/nofp\libcr_c.a(_cr_check_heap.o)
                0x00001714                __check_heap_overflow
 .text._do_fflush
                0x00001728       0x44 c:/nxp/mcuxpressoide_11.1.1_3241/ide/plugins/com.nxp.mcuxpresso.tools.win32_11.1.0.202001081728/tools/bin/../lib/gcc/arm-none-eabi/8.3.1/../../../../arm-none-eabi/lib/thumb/v6-m/nofp\libcr_c.a(_do_fflush.o)
                0x00001728                _do_fflush
 .text.__aeabi_fmul
                0x0000176c       0xc4 c:/nxp/mcuxpressoide_11.1.1_3241/ide/plugins/com.nxp.mcuxpresso.tools.win32_11.1.0.202001081728/tools/bin/../lib/gcc/arm-none-eabi/8.3.1/thumb/v6-m/nofp\libcr_eabihelpers.a(float.o)
                0x0000176c                __aeabi_fmul
 .text.__aeabi_fsub
                0x00001830      0x128 c:/nxp/mcuxpressoide_11.1.1_3241/ide/plugins/com.nxp.mcuxpresso.tools.win32_11.1.0.202001081728/tools/bin/../lib/gcc/arm-none-eabi/8.3.1/thumb/v6-m/nofp\libcr_eabihelpers.a(float.o)
                0x00001830                __aeabi_fsub
 .text.__aeabi_fadd
                0x00001958       0xac c:/nxp/mcuxpressoide_11.1.1_3241/ide/plugins/com.nxp.mcuxpresso.tools.win32_11.1.0.202001081728/tools/bin/../lib/gcc/arm-none-eabi/8.3.1/thumb/v6-m/nofp\libcr_eabihelpers.a(float.o)
                0x00001958                __aeabi_fadd
 .text.displayON
                0x00001a04      0x12a ./source/ignition_interlock.o
                0x00001a04                displayON
 .text.clearLCDDisplay
                0x00001b2e       0xa0 ./source/ignition_interlock.o
                0x00001b2e                clearLCDDisplay
 .text.moveLCDCursor
                0x00001bce       0xa0 ./source/ignition_interlock.o
                0x00001bce                moveLCDCursor
 .text.setLCDNewLine
                0x00001c6e       0xa0 ./source/ignition_interlock.o
                0x00001c6e                setLCDNewLine
 .text.setLCDInitialMsg
                0x00001d0e       0xa6 ./source/ignition_interlock.o
                0x00001d0e                setLCDInitialMsg
 .text.setLCDBlowMsg
                0x00001db4       0x60 ./source/ignition_interlock.o
                0x00001db4                setLCDBlowMsg
 .text.setLCDRetryMsg
                0x00001e14       0x3e ./source/ignition_interlock.o
                0x00001e14                setLCDRetryMsg
 .text.setLCDResultMsg
                0x00001e52       0x86 ./source/ignition_interlock.o
                0x00001e52                setLCDResultMsg
 .text.displayNum
                0x00001ed8      0x4ae ./source/ignition_interlock.o
                0x00001ed8                displayNum
 .text.display  0x00002386      0xdf0 ./source/ignition_interlock.o
                0x00002386                display
 .text.SystemInitHook
                0x00003176        0xa ./device/system_LPC802.o
                0x00003176                SystemInitHook
 .text.__main   0x00003180        0xc c:/nxp/mcuxpressoide_11.1.1_3241/ide/plugins/com.nxp.mcuxpresso.tools.win32_11.1.0.202001081728/tools/bin/../lib/gcc/arm-none-eabi/8.3.1/../../../../arm-none-eabi/lib/thumb/v6-m/nofp\libcr_semihost_nf.a(_cr__main.o)
                0x00003180                __CR_SEMIHOST
                0x00003180                __main
 .text.memset   0x0000318c        0x8 c:/nxp/mcuxpressoide_11.1.1_3241/ide/plugins/com.nxp.mcuxpresso.tools.win32_11.1.0.202001081728/tools/bin/../lib/gcc/arm-none-eabi/8.3.1/../../../../arm-none-eabi/lib/thumb/v6-m/nofp\libcr_c.a(memset.o)
                0x0000318c                memset
 .text.free     0x00003194       0x2c c:/nxp/mcuxpressoide_11.1.1_3241/ide/plugins/com.nxp.mcuxpresso.tools.win32_11.1.0.202001081728/tools/bin/../lib/gcc/arm-none-eabi/8.3.1/../../../../arm-none-eabi/lib/thumb/v6-m/nofp\libcr_c.a(alloc.o)
                0x00003194                free
 .text.fputs    0x000031c0       0x2e c:/nxp/mcuxpressoide_11.1.1_3241/ide/plugins/com.nxp.mcuxpresso.tools.win32_11.1.0.202001081728/tools/bin/../lib/gcc/arm-none-eabi/8.3.1/../../../../arm-none-eabi/lib/thumb/v6-m/nofp\libcr_c.a(fputs.o)
                0x000031c0                fputs
 .text.remove   0x000031ee       0x12 c:/nxp/mcuxpressoide_11.1.1_3241/ide/plugins/com.nxp.mcuxpresso.tools.win32_11.1.0.202001081728/tools/bin/../lib/gcc/arm-none-eabi/8.3.1/../../../../arm-none-eabi/lib/thumb/v6-m/nofp\libcr_c.a(remove.o)
                0x000031ee                remove
 .text.__aeabi_division_idivmod
                0x00003200       0x78 c:/nxp/mcuxpressoide_11.1.1_3241/ide/plugins/com.nxp.mcuxpresso.tools.win32_11.1.0.202001081728/tools/bin/../lib/gcc/arm-none-eabi/8.3.1/thumb/v6-m/nofp\libcr_eabihelpers.a(division_32.o)
                0x00003200                __aeabi_idivmod
                0x00003200                __aeabi_idiv
                0x00003206                __aeabi_uidivmod
                0x00003206                __aeabi_uidiv
 .text.__aeabi_division_idiv0
                0x00003278        0x2 c:/nxp/mcuxpressoide_11.1.1_3241/ide/plugins/com.nxp.mcuxpresso.tools.win32_11.1.0.202001081728/tools/bin/../lib/gcc/arm-none-eabi/8.3.1/thumb/v6-m/nofp\libcr_eabihelpers.a(division_idiv0.o)
                0x00003278                __aeabi_idiv0
 .text.__aeabi_f2uiz
                0x0000327a       0x2a c:/nxp/mcuxpressoide_11.1.1_3241/ide/plugins/com.nxp.mcuxpresso.tools.win32_11.1.0.202001081728/tools/bin/../lib/gcc/arm-none-eabi/8.3.1/thumb/v6-m/nofp\libcr_eabihelpers.a(float.o)
                0x0000327a                __aeabi_f2uiz
 .text.__aeabi_llong_lmul
                0x000032a4       0x2e c:/nxp/mcuxpressoide_11.1.1_3241/ide/plugins/com.nxp.mcuxpresso.tools.win32_11.1.0.202001081728/tools/bin/../lib/gcc/arm-none-eabi/8.3.1/thumb/v6-m/nofp\libcr_eabihelpers.a(llong.o)
                0x000032a4                __aeabi_lmul
 .text.__aeabi_memset_lowlevel
                0x000032d2       0x2a c:/nxp/mcuxpressoide_11.1.1_3241/ide/plugins/com.nxp.mcuxpresso.tools.win32_11.1.0.202001081728/tools/bin/../lib/gcc/arm-none-eabi/8.3.1/thumb/v6-m/nofp\libcr_eabihelpers.a(memcpy.o)
                0x000032d2                __aeabi_lowlevel_memset
 .text.__sys_close
                0x000032fc        0xc c:/nxp/mcuxpressoide_11.1.1_3241/ide/plugins/com.nxp.mcuxpresso.tools.win32_11.1.0.202001081728/tools/bin/../lib/gcc/arm-none-eabi/8.3.1/../../../../arm-none-eabi/lib/thumb/v6-m/nofp\libcr_semihost_nf.a(__sys_close.o)
                0x000032fc                __sys_close
 .text.__sys_flen
                0x00003308        0xc c:/nxp/mcuxpressoide_11.1.1_3241/ide/plugins/com.nxp.mcuxpresso.tools.win32_11.1.0.202001081728/tools/bin/../lib/gcc/arm-none-eabi/8.3.1/../../../../arm-none-eabi/lib/thumb/v6-m/nofp\libcr_semihost_nf.a(__sys_flen.o)
                0x00003308                __sys_flen
 .text.__sys_istty
                0x00003314        0xc c:/nxp/mcuxpressoide_11.1.1_3241/ide/plugins/com.nxp.mcuxpresso.tools.win32_11.1.0.202001081728/tools/bin/../lib/gcc/arm-none-eabi/8.3.1/../../../../arm-none-eabi/lib/thumb/v6-m/nofp\libcr_semihost_nf.a(__sys_istty.o)
                0x00003314                __sys_istty
 .text.__sys_remove
                0x00003320        0xc c:/nxp/mcuxpressoide_11.1.1_3241/ide/plugins/com.nxp.mcuxpresso.tools.win32_11.1.0.202001081728/tools/bin/../lib/gcc/arm-none-eabi/8.3.1/../../../../arm-none-eabi/lib/thumb/v6-m/nofp\libcr_semihost_nf.a(__sys_remove.o)
                0x00003320                __sys_remove
 .text.__sys_seek
                0x0000332c        0xc c:/nxp/mcuxpressoide_11.1.1_3241/ide/plugins/com.nxp.mcuxpresso.tools.win32_11.1.0.202001081728/tools/bin/../lib/gcc/arm-none-eabi/8.3.1/../../../../arm-none-eabi/lib/thumb/v6-m/nofp\libcr_semihost_nf.a(__sys_seek.o)
                0x0000332c                __sys_seek
 .text.__sys_tmpnam
                0x00003338        0xc c:/nxp/mcuxpressoide_11.1.1_3241/ide/plugins/com.nxp.mcuxpresso.tools.win32_11.1.0.202001081728/tools/bin/../lib/gcc/arm-none-eabi/8.3.1/../../../../arm-none-eabi/lib/thumb/v6-m/nofp\libcr_semihost_nf.a(__sys_tmpnam.o)
                0x00003338                __sys_tmpnam
 .text.__sys_write
                0x00003344        0xc c:/nxp/mcuxpressoide_11.1.1_3241/ide/plugins/com.nxp.mcuxpresso.tools.win32_11.1.0.202001081728/tools/bin/../lib/gcc/arm-none-eabi/8.3.1/../../../../arm-none-eabi/lib/thumb/v6-m/nofp\libcr_semihost_nf.a(__sys_write.o)
                0x00003344                __sys_write
 *(SORT_BY_ALIGNMENT(.rodata) SORT_BY_ALIGNMENT(.rodata.*) SORT_BY_ALIGNMENT(.constdata) SORT_BY_ALIGNMENT(.constdata.*))
 .rodata.CLOCK_UpdateClkSrc.str1.4
                0x00003350       0x18 ./drivers/fsl_clock.o
 .rodata.CLOCK_SetCoreSysClkDiv.str1.4
                0x00003368       0x78 ./board/clock_config.o
                                 0x76 (size before relaxing)
 .rodata.__num_Ciob_streams
                0x000033e0        0x4 c:/nxp/mcuxpressoide_11.1.1_3241/ide/plugins/com.nxp.mcuxpresso.tools.win32_11.1.0.202001081728/tools/bin/../lib/gcc/arm-none-eabi/8.3.1/../../../../arm-none-eabi/lib/thumb/v6-m/nofp\libcr_semihost_nf.a(__ciob.o)
                0x000033e0                __num_Ciob_streams
 .rodata.__assertion_failed.str1.1
                0x000033e4       0x15 c:/nxp/mcuxpressoide_11.1.1_3241/ide/plugins/com.nxp.mcuxpresso.tools.win32_11.1.0.202001081728/tools/bin/../lib/gcc/arm-none-eabi/8.3.1/../../../../arm-none-eabi/lib/thumb/v6-m/nofp\libcr_semihost_nf.a(_cr_assert.o)
 .rodata._Csys_alloc.str1.1
                0x000033f9       0x18 c:/nxp/mcuxpressoide_11.1.1_3241/ide/plugins/com.nxp.mcuxpresso.tools.win32_11.1.0.202001081728/tools/bin/../lib/gcc/arm-none-eabi/8.3.1/../../../../arm-none-eabi/lib/thumb/v6-m/nofp\libcr_c.a(alloc.o)
 .rodata._initio.str1.1
                0x00003411        0x4 c:/nxp/mcuxpressoide_11.1.1_3241/ide/plugins/com.nxp.mcuxpresso.tools.win32_11.1.0.202001081728/tools/bin/../lib/gcc/arm-none-eabi/8.3.1/../../../../arm-none-eabi/lib/thumb/v6-m/nofp\libcr_c.a(initio.o)
                0x00003418                . = ALIGN (0x4)
 *fill*         0x00003415        0x3 ff

.glue_7         0x00003418        0x0
 .glue_7        0x00003418        0x0 linker stubs

.glue_7t        0x00003418        0x0
 .glue_7t       0x00003418        0x0 linker stubs

.vfp11_veneer   0x00003418        0x0
 .vfp11_veneer  0x00003418        0x0 linker stubs

.v4_bx          0x00003418        0x0
 .v4_bx         0x00003418        0x0 linker stubs

.iplt           0x00003418        0x0
 .iplt          0x00003418        0x0 ./startup/startup_lpc802.o

.rel.dyn        0x00003418        0x0
 .rel.iplt      0x00003418        0x0 ./startup/startup_lpc802.o

.ARM.extab
 *(SORT_BY_ALIGNMENT(.ARM.extab*) SORT_BY_ALIGNMENT(.gnu.linkonce.armextab.*))

.ARM.exidx      0x00003418        0x0
                0x00003418                __exidx_start = .
 *(SORT_BY_ALIGNMENT(.ARM.exidx*) SORT_BY_ALIGNMENT(.gnu.linkonce.armexidx.*))
                0x00003418                __exidx_end = .
                0x00003418                _etext = .

.data_RAM2      0x100007e0        0x0 load address 0x00003418
 FILL mask 0xff
                [!provide]                PROVIDE (__start_data_RAM2 = .)
                [!provide]                PROVIDE (__start_data_IAP_SRAM = .)
 *(SORT_BY_ALIGNMENT(.ramfunc.$RAM2))
 *(SORT_BY_ALIGNMENT(.ramfunc.$IAP_SRAM))
 *(SORT_BY_ALIGNMENT(.data.$RAM2))
 *(SORT_BY_ALIGNMENT(.data.$IAP_SRAM))
 *(SORT_BY_ALIGNMENT(.data.$RAM2.*))
 *(SORT_BY_ALIGNMENT(.data.$IAP_SRAM.*))
                0x100007e0                . = ALIGN (0x4)
                [!provide]                PROVIDE (__end_data_RAM2 = .)
                [!provide]                PROVIDE (__end_data_IAP_SRAM = .)

.uninit_RESERVED
                0x10000000        0x0
                0x10000000                _start_uninit_RESERVED = .
 *(SORT_BY_ALIGNMENT(.bss.$RESERVED*))
                0x10000000                . = ALIGN (0x4)
                0x10000000                _end_uninit_RESERVED = .

.data           0x10000000        0xc load address 0x00003418
 FILL mask 0xff
                0x10000000                _data = .
                [!provide]                PROVIDE (__start_data_RAM = .)
                [!provide]                PROVIDE (__start_data_SRAM = .)
 *(SORT_BY_ALIGNMENT(vtable))
 *(SORT_BY_ALIGNMENT(.ramfunc*))
 *(SORT_BY_ALIGNMENT(CodeQuickAccess))
 *(SORT_BY_ALIGNMENT(DataQuickAccess))
 *(SORT_BY_ALIGNMENT(RamFunction))
 *(SORT_BY_ALIGNMENT(.data*))
 .data.pwm_state.5093
                0x10000000        0x4 ./source/ignition_interlock.o
 .data.duty_factor.5092
                0x10000004        0x4 ./source/ignition_interlock.o
 .data.SystemCoreClock
                0x10000008        0x4 ./device/system_LPC802.o
                0x10000008                SystemCoreClock
                0x1000000c                . = ALIGN (0x4)
                0x1000000c                _edata = .
                [!provide]                PROVIDE (__end_data_RAM = .)
                [!provide]                PROVIDE (__end_data_SRAM = .)

.igot.plt       0x1000000c        0x0 load address 0x00003424
 .igot.plt      0x1000000c        0x0 ./startup/startup_lpc802.o

.bss_RAM2       0x100007e0        0x0
                [!provide]                PROVIDE (__start_bss_RAM2 = .)
                [!provide]                PROVIDE (__start_bss_IAP_SRAM = .)
 *(SORT_BY_ALIGNMENT(.bss.$RAM2))
 *(SORT_BY_ALIGNMENT(.bss.$IAP_SRAM))
 *(SORT_BY_ALIGNMENT(.bss.$RAM2.*))
 *(SORT_BY_ALIGNMENT(.bss.$IAP_SRAM.*))
                0x100007e0                . = ALIGN ((. != 0x0)?0x4:0x1)
                [!provide]                PROVIDE (__end_bss_RAM2 = .)
                [!provide]                PROVIDE (__end_bss_IAP_SRAM = .)

.bss            0x1000000c      0x124
                0x1000000c                _bss = .
                [!provide]                PROVIDE (__start_bss_RAM = .)
                [!provide]                PROVIDE (__start_bss_SRAM = .)
 *(SORT_BY_ALIGNMENT(.bss*))
 .bss.bac       0x1000000c        0x4 ./source/ignition_interlock.o
                0x1000000c                bac
 .bss.bac_checked
                0x10000010        0x4 ./source/ignition_interlock.o
                0x10000010                bac_checked
 .bss.lights_on
                0x10000014        0x4 ./source/ignition_interlock.o
                0x10000014                lights_on
 .bss.is_displayed
                0x10000018        0x4 ./source/ignition_interlock.o
                0x10000018                is_displayed
 .bss.readings  0x1000001c        0x4 ./source/ignition_interlock.o
                0x1000001c                readings
 .bss.adc_result
                0x10000020        0x4 ./source/ignition_interlock.o
                0x10000020                adc_result
 .bss.adc_sum   0x10000024        0x4 ./source/ignition_interlock.o
                0x10000024                adc_sum
 .bss.adc_avg   0x10000028        0x4 ./source/ignition_interlock.o
                0x10000028                adc_avg
 .bss.adc_buffer
                0x1000002c       0x28 ./source/ignition_interlock.o
                0x1000002c                adc_buffer
 .bss.press     0x10000054        0x4 ./source/ignition_interlock.o
                0x10000054                press
 .bss.adc_count
                0x10000058        0x4 ./source/ignition_interlock.o
                0x10000058                adc_count
 .bss.chan.5091
                0x1000005c        0x4 ./source/ignition_interlock.o
 .bss.g_Fro_Osc_Freq
                0x10000060        0x4 ./drivers/fsl_clock.o
                0x10000060                g_Fro_Osc_Freq
 .bss.s_usartHandle
                0x10000064        0x8 ./drivers/fsl_usart.o
 .bss.s_usartIsr
                0x1000006c        0x4 ./drivers/fsl_usart.o
 .bss.__Ciob    0x10000070       0xb4 c:/nxp/mcuxpressoide_11.1.1_3241/ide/plugins/com.nxp.mcuxpresso.tools.win32_11.1.0.202001081728/tools/bin/../lib/gcc/arm-none-eabi/8.3.1/../../../../arm-none-eabi/lib/thumb/v6-m/nofp\libcr_semihost_nf.a(__ciob.o)
                0x10000070                __Ciob
 .bss.__end_of_heap
                0x10000124        0x4 c:/nxp/mcuxpressoide_11.1.1_3241/ide/plugins/com.nxp.mcuxpresso.tools.win32_11.1.0.202001081728/tools/bin/../lib/gcc/arm-none-eabi/8.3.1/../../../../arm-none-eabi/lib/thumb/v6-m/nofp\libcr_c.a(__init_alloc.o)
                0x10000124                __end_of_heap
 .bss.__heaps   0x10000128        0x4 c:/nxp/mcuxpressoide_11.1.1_3241/ide/plugins/com.nxp.mcuxpresso.tools.win32_11.1.0.202001081728/tools/bin/../lib/gcc/arm-none-eabi/8.3.1/../../../../arm-none-eabi/lib/thumb/v6-m/nofp\libcr_c.a(__init_alloc.o)
                0x10000128                __heaps
 .bss.errno     0x1000012c        0x4 c:/nxp/mcuxpressoide_11.1.1_3241/ide/plugins/com.nxp.mcuxpresso.tools.win32_11.1.0.202001081728/tools/bin/../lib/gcc/arm-none-eabi/8.3.1/../../../../arm-none-eabi/lib/thumb/v6-m/nofp\libcr_c.a(errno.o)
                0x1000012c                errno
 *(SORT_BY_ALIGNMENT(COMMON))
                0x10000130                . = ALIGN (0x4)
                0x10000130                _ebss = .
                [!provide]                PROVIDE (__end_bss_RAM = .)
                [!provide]                PROVIDE (__end_bss_SRAM = .)
                [!provide]                PROVIDE (end = .)

.noinit_RAM2    0x100007e0        0x0
                [!provide]                PROVIDE (__start_noinit_RAM2 = .)
                [!provide]                PROVIDE (__start_noinit_IAP_SRAM = .)
 *(SORT_BY_ALIGNMENT(.noinit.$RAM2))
 *(SORT_BY_ALIGNMENT(.noinit.$IAP_SRAM))
 *(SORT_BY_ALIGNMENT(.noinit.$RAM2.*))
 *(SORT_BY_ALIGNMENT(.noinit.$IAP_SRAM.*))
                0x100007e0                . = ALIGN (0x4)
                [!provide]                PROVIDE (__end_noinit_RAM2 = .)
                [!provide]                PROVIDE (__end_noinit_IAP_SRAM = .)

.noinit         0x10000130        0x0
                0x10000130                _noinit = .
                [!provide]                PROVIDE (__start_noinit_RAM = .)
                [!provide]                PROVIDE (__start_noinit_SRAM = .)
 *(SORT_BY_ALIGNMENT(.noinit*))
                0x10000130                . = ALIGN (0x4)
                0x10000130                _end_noinit = .
                [!provide]                PROVIDE (__end_noinit_RAM = .)
                [!provide]                PROVIDE (__end_noinit_SRAM = .)
                0x00000080                _HeapSize = 0x80

.heap           0x10000130       0x80
                0x10000130                _pvHeapStart = .
                0x100001b0                . = (. + _HeapSize)
 *fill*         0x10000130       0x80 
                0x100001b0                . = ALIGN (0x4)
                0x100001b0                _pvHeapLimit = .
                0x00000080                _StackSize = 0x80

.heap2stackfill
                0x100001b0       0x80
                0x10000230                . = (. + _StackSize)
 *fill*         0x100001b0       0x80 

.stack          0x10000760        0x0
                0x10000760                _vStackBase = .
                0x10000760                . = ALIGN (0x4)
                0x100007e0                _vStackTop = (. + _StackSize)
                0xefffe88b                PROVIDE (__valid_user_code_checksum = (0x0 - (((_vStackTop + (ResetISR + 0x1)) + (DEFINED (NMI_Handler)?NMI_Handler:M0_NMI_Handler + 0x1)) + (DEFINED (HardFault_Handler)?HardFault_Handler:M0_HardFault_Handler + 0x1))))
                0x00000000                _image_start = LOADADDR (.text)
                0x00003424                _image_end = (LOADADDR (.data) + SIZEOF (.data))
                0x00003424                _image_size = (_image_end - _image_start)
OUTPUT(ignition_interlock.axf elf32-littlearm)

.debug_info     0x00000000     0x4e4e
 .debug_info    0x00000000      0x47e ./startup/startup_lpc802.o
 .debug_info    0x0000047e     0x1532 ./source/ignition_interlock.o
 .debug_info    0x000019b0       0x3c ./source/semihost_hardfault.o
 .debug_info    0x000019ec      0xe82 ./drivers/fsl_clock.o
 .debug_info    0x0000286e     0x193a ./drivers/fsl_usart.o
 .debug_info    0x000041a8      0x5bb ./device/system_LPC802.o
 .debug_info    0x00004763      0x6eb ./board/clock_config.o

.debug_abbrev   0x00000000      0xea5
 .debug_abbrev  0x00000000      0x17a ./startup/startup_lpc802.o
 .debug_abbrev  0x0000017a      0x364 ./source/ignition_interlock.o
 .debug_abbrev  0x000004de       0x31 ./source/semihost_hardfault.o
 .debug_abbrev  0x0000050f      0x338 ./drivers/fsl_clock.o
 .debug_abbrev  0x00000847      0x321 ./drivers/fsl_usart.o
 .debug_abbrev  0x00000b68      0x15f ./device/system_LPC802.o
 .debug_abbrev  0x00000cc7      0x1de ./board/clock_config.o

.debug_aranges  0x00000000      0x480
 .debug_aranges
                0x00000000      0x160 ./startup/startup_lpc802.o
 .debug_aranges
                0x00000160       0xd8 ./source/ignition_interlock.o
 .debug_aranges
                0x00000238       0x20 ./source/semihost_hardfault.o
 .debug_aranges
                0x00000258       0x98 ./drivers/fsl_clock.o
 .debug_aranges
                0x000002f0      0x110 ./drivers/fsl_usart.o
 .debug_aranges
                0x00000400       0x30 ./device/system_LPC802.o
 .debug_aranges
                0x00000430       0x50 ./board/clock_config.o

.debug_ranges   0x00000000      0x410
 .debug_ranges  0x00000000      0x150 ./startup/startup_lpc802.o
 .debug_ranges  0x00000150       0xc8 ./source/ignition_interlock.o
 .debug_ranges  0x00000218       0x10 ./source/semihost_hardfault.o
 .debug_ranges  0x00000228       0x88 ./drivers/fsl_clock.o
 .debug_ranges  0x000002b0      0x100 ./drivers/fsl_usart.o
 .debug_ranges  0x000003b0       0x20 ./device/system_LPC802.o
 .debug_ranges  0x000003d0       0x40 ./board/clock_config.o

.debug_macro    0x00000000      0x699
 .debug_macro   0x00000000       0x29 ./startup/startup_lpc802.o
 .debug_macro   0x00000029      0x1bc ./source/ignition_interlock.o
 .debug_macro   0x000001e5       0x22 ./source/ignition_interlock.o
 .debug_macro   0x00000207       0x22 ./source/ignition_interlock.o
 .debug_macro   0x00000229       0x11 ./source/semihost_hardfault.o
 .debug_macro   0x0000023a      0x127 ./drivers/fsl_clock.o
 .debug_macro   0x00000361       0x1c ./drivers/fsl_clock.o
 .debug_macro   0x0000037d       0x28 ./drivers/fsl_clock.o
 .debug_macro   0x000003a5      0x11b ./drivers/fsl_usart.o
 .debug_macro   0x000004c0       0x16 ./drivers/fsl_usart.o
 .debug_macro   0x000004d6       0x97 ./device/system_LPC802.o
 .debug_macro   0x0000056d      0x12c ./board/clock_config.o

.debug_line     0x00000000     0x3069
 .debug_line    0x00000000      0x1e5 ./startup/startup_lpc802.o
 .debug_line    0x000001e5     0x142f ./source/ignition_interlock.o
 .debug_line    0x00001614       0x5a ./source/semihost_hardfault.o
 .debug_line    0x0000166e      0x660 ./drivers/fsl_clock.o
 .debug_line    0x00001cce      0xc50 ./drivers/fsl_usart.o
 .debug_line    0x0000291e      0x2d1 ./device/system_LPC802.o
 .debug_line    0x00002bef      0x47a ./board/clock_config.o

.debug_str      0x00000000    0x26fbc
 .debug_str     0x00000000     0x31e1 ./startup/startup_lpc802.o
                               0x3203 (size before relaxing)
 .debug_str     0x000031e1    0x2239a ./source/ignition_interlock.o
                              0x25278 (size before relaxing)
 .debug_str     0x0002557b       0x1f ./source/semihost_hardfault.o
                               0x2dd4 (size before relaxing)
 .debug_str     0x0002559a      0x5b3 ./drivers/fsl_clock.o
                              0x24ce1 (size before relaxing)
 .debug_str     0x00025b4d     0x1037 ./drivers/fsl_usart.o
                              0x259b2 (size before relaxing)
 .debug_str     0x00026b84       0x4a ./device/system_LPC802.o
                              0x22ca0 (size before relaxing)
 .debug_str     0x00026bce      0x3ee ./board/clock_config.o
                              0x2443c (size before relaxing)

.comment        0x00000000       0x76
 .comment       0x00000000       0x76 ./startup/startup_lpc802.o
                                 0x77 (size before relaxing)
 .comment       0x00000076       0x77 ./source/ignition_interlock.o
 .comment       0x00000076       0x77 ./source/semihost_hardfault.o
 .comment       0x00000076       0x77 ./drivers/fsl_clock.o
 .comment       0x00000076       0x77 ./drivers/fsl_usart.o
 .comment       0x00000076       0x77 ./device/system_LPC802.o
 .comment       0x00000076       0x77 ./board/clock_config.o
 .comment       0x00000076       0x77 c:/nxp/mcuxpressoide_11.1.1_3241/ide/plugins/com.nxp.mcuxpresso.tools.win32_11.1.0.202001081728/tools/bin/../lib/gcc/arm-none-eabi/8.3.1/../../../../arm-none-eabi/lib/thumb/v6-m/nofp\libcr_semihost_nf.a(_cr__main.o)
 .comment       0x00000076       0x77 c:/nxp/mcuxpressoide_11.1.1_3241/ide/plugins/com.nxp.mcuxpresso.tools.win32_11.1.0.202001081728/tools/bin/../lib/gcc/arm-none-eabi/8.3.1/../../../../arm-none-eabi/lib/thumb/v6-m/nofp\libcr_semihost_nf.a(_cr_assert.o)
 .comment       0x00000076       0x77 c:/nxp/mcuxpressoide_11.1.1_3241/ide/plugins/com.nxp.mcuxpresso.tools.win32_11.1.0.202001081728/tools/bin/../lib/gcc/arm-none-eabi/8.3.1/../../../../arm-none-eabi/lib/thumb/v6-m/nofp\libcr_semihost_nf.a(__ciob.o)
 .comment       0x00000076       0x77 c:/nxp/mcuxpressoide_11.1.1_3241/ide/plugins/com.nxp.mcuxpresso.tools.win32_11.1.0.202001081728/tools/bin/../lib/gcc/arm-none-eabi/8.3.1/../../../../arm-none-eabi/lib/thumb/v6-m/nofp\libcr_c.a(memset.o)
 .comment       0x00000076       0x77 c:/nxp/mcuxpressoide_11.1.1_3241/ide/plugins/com.nxp.mcuxpresso.tools.win32_11.1.0.202001081728/tools/bin/../lib/gcc/arm-none-eabi/8.3.1/../../../../arm-none-eabi/lib/thumb/v6-m/nofp\libcr_c.a(_deferredlazyseek.o)
 .comment       0x00000076       0x77 c:/nxp/mcuxpressoide_11.1.1_3241/ide/plugins/com.nxp.mcuxpresso.tools.win32_11.1.0.202001081728/tools/bin/../lib/gcc/arm-none-eabi/8.3.1/../../../../arm-none-eabi/lib/thumb/v6-m/nofp\libcr_c.a(_fflush.o)
 .comment       0x00000076       0x77 c:/nxp/mcuxpressoide_11.1.1_3241/ide/plugins/com.nxp.mcuxpresso.tools.win32_11.1.0.202001081728/tools/bin/../lib/gcc/arm-none-eabi/8.3.1/../../../../arm-none-eabi/lib/thumb/v6-m/nofp\libcr_c.a(_writebuf.o)
 .comment       0x00000076       0x77 c:/nxp/mcuxpressoide_11.1.1_3241/ide/plugins/com.nxp.mcuxpresso.tools.win32_11.1.0.202001081728/tools/bin/../lib/gcc/arm-none-eabi/8.3.1/../../../../arm-none-eabi/lib/thumb/v6-m/nofp\libcr_c.a(alloc.o)
 .comment       0x00000076       0x77 c:/nxp/mcuxpressoide_11.1.1_3241/ide/plugins/com.nxp.mcuxpresso.tools.win32_11.1.0.202001081728/tools/bin/../lib/gcc/arm-none-eabi/8.3.1/../../../../arm-none-eabi/lib/thumb/v6-m/nofp\libcr_c.a(fputs.o)
 .comment       0x00000076       0x77 c:/nxp/mcuxpressoide_11.1.1_3241/ide/plugins/com.nxp.mcuxpresso.tools.win32_11.1.0.202001081728/tools/bin/../lib/gcc/arm-none-eabi/8.3.1/../../../../arm-none-eabi/lib/thumb/v6-m/nofp\libcr_c.a(fseek.o)
 .comment       0x00000076       0x77 c:/nxp/mcuxpressoide_11.1.1_3241/ide/plugins/com.nxp.mcuxpresso.tools.win32_11.1.0.202001081728/tools/bin/../lib/gcc/arm-none-eabi/8.3.1/../../../../arm-none-eabi/lib/thumb/v6-m/nofp\libcr_c.a(ftell.o)
 .comment       0x00000076       0x77 c:/nxp/mcuxpressoide_11.1.1_3241/ide/plugins/com.nxp.mcuxpresso.tools.win32_11.1.0.202001081728/tools/bin/../lib/gcc/arm-none-eabi/8.3.1/../../../../arm-none-eabi/lib/thumb/v6-m/nofp\libcr_c.a(initio.o)
 .comment       0x00000076       0x77 c:/nxp/mcuxpressoide_11.1.1_3241/ide/plugins/com.nxp.mcuxpresso.tools.win32_11.1.0.202001081728/tools/bin/../lib/gcc/arm-none-eabi/8.3.1/../../../../arm-none-eabi/lib/thumb/v6-m/nofp\libcr_c.a(setvbuf.o)
 .comment       0x00000076       0x77 c:/nxp/mcuxpressoide_11.1.1_3241/ide/plugins/com.nxp.mcuxpresso.tools.win32_11.1.0.202001081728/tools/bin/../lib/gcc/arm-none-eabi/8.3.1/../../../../arm-none-eabi/lib/thumb/v6-m/nofp\libcr_c.a(__init_alloc.o)
 .comment       0x00000076       0x77 c:/nxp/mcuxpressoide_11.1.1_3241/ide/plugins/com.nxp.mcuxpresso.tools.win32_11.1.0.202001081728/tools/bin/../lib/gcc/arm-none-eabi/8.3.1/../../../../arm-none-eabi/lib/thumb/v6-m/nofp\libcr_c.a(_cr_sbrk.o)
 .comment       0x00000076       0x77 c:/nxp/mcuxpressoide_11.1.1_3241/ide/plugins/com.nxp.mcuxpresso.tools.win32_11.1.0.202001081728/tools/bin/../lib/gcc/arm-none-eabi/8.3.1/../../../../arm-none-eabi/lib/thumb/v6-m/nofp\libcr_c.a(_fdopen.o)
 .comment       0x00000076       0x77 c:/nxp/mcuxpressoide_11.1.1_3241/ide/plugins/com.nxp.mcuxpresso.tools.win32_11.1.0.202001081728/tools/bin/../lib/gcc/arm-none-eabi/8.3.1/../../../../arm-none-eabi/lib/thumb/v6-m/nofp\libcr_c.a(errno.o)
 .comment       0x00000076       0x77 c:/nxp/mcuxpressoide_11.1.1_3241/ide/plugins/com.nxp.mcuxpresso.tools.win32_11.1.0.202001081728/tools/bin/../lib/gcc/arm-none-eabi/8.3.1/../../../../arm-none-eabi/lib/thumb/v6-m/nofp\libcr_c.a(fclose.o)
 .comment       0x00000076       0x77 c:/nxp/mcuxpressoide_11.1.1_3241/ide/plugins/com.nxp.mcuxpresso.tools.win32_11.1.0.202001081728/tools/bin/../lib/gcc/arm-none-eabi/8.3.1/../../../../arm-none-eabi/lib/thumb/v6-m/nofp\libcr_c.a(fflush.o)
 .comment       0x00000076       0x77 c:/nxp/mcuxpressoide_11.1.1_3241/ide/plugins/com.nxp.mcuxpresso.tools.win32_11.1.0.202001081728/tools/bin/../lib/gcc/arm-none-eabi/8.3.1/../../../../arm-none-eabi/lib/thumb/v6-m/nofp\libcr_c.a(remove.o)
 .comment       0x00000076       0x77 c:/nxp/mcuxpressoide_11.1.1_3241/ide/plugins/com.nxp.mcuxpresso.tools.win32_11.1.0.202001081728/tools/bin/../lib/gcc/arm-none-eabi/8.3.1/../../../../arm-none-eabi/lib/thumb/v6-m/nofp\libcr_c.a(strlen.o)
 .comment       0x00000076       0x77 c:/nxp/mcuxpressoide_11.1.1_3241/ide/plugins/com.nxp.mcuxpresso.tools.win32_11.1.0.202001081728/tools/bin/../lib/gcc/arm-none-eabi/8.3.1/../../../../arm-none-eabi/lib/thumb/v6-m/nofp\libcr_c.a(_cr_check_heap.o)
 .comment       0x00000076       0x77 c:/nxp/mcuxpressoide_11.1.1_3241/ide/plugins/com.nxp.mcuxpresso.tools.win32_11.1.0.202001081728/tools/bin/../lib/gcc/arm-none-eabi/8.3.1/../../../../arm-none-eabi/lib/thumb/v6-m/nofp\libcr_c.a(_do_fflush.o)
 .comment       0x00000076       0x77 c:/nxp/mcuxpressoide_11.1.1_3241/ide/plugins/com.nxp.mcuxpresso.tools.win32_11.1.0.202001081728/tools/bin/../lib/gcc/arm-none-eabi/8.3.1/thumb/v6-m/nofp\libcr_eabihelpers.a(float.o)

.ARM.attributes
                0x00000000       0x2a
 .ARM.attributes
                0x00000000       0x2c ./startup/startup_lpc802.o
 .ARM.attributes
                0x0000002c       0x2c ./source/ignition_interlock.o
 .ARM.attributes
                0x00000058       0x2c ./source/semihost_hardfault.o
 .ARM.attributes
                0x00000084       0x2c ./drivers/fsl_clock.o
 .ARM.attributes
                0x000000b0       0x2c ./drivers/fsl_usart.o
 .ARM.attributes
                0x000000dc       0x2c ./device/system_LPC802.o
 .ARM.attributes
                0x00000108       0x2c ./board/clock_config.o
 .ARM.attributes
                0x00000134       0x2c c:/nxp/mcuxpressoide_11.1.1_3241/ide/plugins/com.nxp.mcuxpresso.tools.win32_11.1.0.202001081728/tools/bin/../lib/gcc/arm-none-eabi/8.3.1/../../../../arm-none-eabi/lib/thumb/v6-m/nofp\libcr_semihost_nf.a(_cr__main.o)
 .ARM.attributes
                0x00000160       0x2c c:/nxp/mcuxpressoide_11.1.1_3241/ide/plugins/com.nxp.mcuxpresso.tools.win32_11.1.0.202001081728/tools/bin/../lib/gcc/arm-none-eabi/8.3.1/../../../../arm-none-eabi/lib/thumb/v6-m/nofp\libcr_semihost_nf.a(_cr_assert.o)
 .ARM.attributes
                0x0000018c       0x31 c:/nxp/mcuxpressoide_11.1.1_3241/ide/plugins/com.nxp.mcuxpresso.tools.win32_11.1.0.202001081728/tools/bin/../lib/gcc/arm-none-eabi/8.3.1/../../../../arm-none-eabi/lib/thumb/v6-m/nofp\libcr_semihost_nf.a(__ciob.o)
 .ARM.attributes
                0x000001bd       0x1c c:/nxp/mcuxpressoide_11.1.1_3241/ide/plugins/com.nxp.mcuxpresso.tools.win32_11.1.0.202001081728/tools/bin/../lib/gcc/arm-none-eabi/8.3.1/../../../../arm-none-eabi/lib/thumb/v6-m/nofp\libcr_semihost_nf.a(__sys_appexit.o)
 .ARM.attributes
                0x000001d9       0x2c c:/nxp/mcuxpressoide_11.1.1_3241/ide/plugins/com.nxp.mcuxpresso.tools.win32_11.1.0.202001081728/tools/bin/../lib/gcc/arm-none-eabi/8.3.1/../../../../arm-none-eabi/lib/thumb/v6-m/nofp\libcr_c.a(memset.o)
 .ARM.attributes
                0x00000205       0x2c c:/nxp/mcuxpressoide_11.1.1_3241/ide/plugins/com.nxp.mcuxpresso.tools.win32_11.1.0.202001081728/tools/bin/../lib/gcc/arm-none-eabi/8.3.1/../../../../arm-none-eabi/lib/thumb/v6-m/nofp\libcr_c.a(_deferredlazyseek.o)
 .ARM.attributes
                0x00000231       0x2c c:/nxp/mcuxpressoide_11.1.1_3241/ide/plugins/com.nxp.mcuxpresso.tools.win32_11.1.0.202001081728/tools/bin/../lib/gcc/arm-none-eabi/8.3.1/../../../../arm-none-eabi/lib/thumb/v6-m/nofp\libcr_c.a(_fflush.o)
 .ARM.attributes
                0x0000025d       0x2c c:/nxp/mcuxpressoide_11.1.1_3241/ide/plugins/com.nxp.mcuxpresso.tools.win32_11.1.0.202001081728/tools/bin/../lib/gcc/arm-none-eabi/8.3.1/../../../../arm-none-eabi/lib/thumb/v6-m/nofp\libcr_c.a(_writebuf.o)
 .ARM.attributes
                0x00000289       0x2c c:/nxp/mcuxpressoide_11.1.1_3241/ide/plugins/com.nxp.mcuxpresso.tools.win32_11.1.0.202001081728/tools/bin/../lib/gcc/arm-none-eabi/8.3.1/../../../../arm-none-eabi/lib/thumb/v6-m/nofp\libcr_c.a(alloc.o)
 .ARM.attributes
                0x000002b5       0x2c c:/nxp/mcuxpressoide_11.1.1_3241/ide/plugins/com.nxp.mcuxpresso.tools.win32_11.1.0.202001081728/tools/bin/../lib/gcc/arm-none-eabi/8.3.1/../../../../arm-none-eabi/lib/thumb/v6-m/nofp\libcr_c.a(fputs.o)
 .ARM.attributes
                0x000002e1       0x2c c:/nxp/mcuxpressoide_11.1.1_3241/ide/plugins/com.nxp.mcuxpresso.tools.win32_11.1.0.202001081728/tools/bin/../lib/gcc/arm-none-eabi/8.3.1/../../../../arm-none-eabi/lib/thumb/v6-m/nofp\libcr_c.a(fseek.o)
 .ARM.attributes
                0x0000030d       0x2c c:/nxp/mcuxpressoide_11.1.1_3241/ide/plugins/com.nxp.mcuxpresso.tools.win32_11.1.0.202001081728/tools/bin/../lib/gcc/arm-none-eabi/8.3.1/../../../../arm-none-eabi/lib/thumb/v6-m/nofp\libcr_c.a(ftell.o)
 .ARM.attributes
                0x00000339       0x2c c:/nxp/mcuxpressoide_11.1.1_3241/ide/plugins/com.nxp.mcuxpresso.tools.win32_11.1.0.202001081728/tools/bin/../lib/gcc/arm-none-eabi/8.3.1/../../../../arm-none-eabi/lib/thumb/v6-m/nofp\libcr_c.a(initio.o)
 .ARM.attributes
                0x00000365       0x2c c:/nxp/mcuxpressoide_11.1.1_3241/ide/plugins/com.nxp.mcuxpresso.tools.win32_11.1.0.202001081728/tools/bin/../lib/gcc/arm-none-eabi/8.3.1/../../../../arm-none-eabi/lib/thumb/v6-m/nofp\libcr_c.a(setvbuf.o)
 .ARM.attributes
                0x00000391       0x2c c:/nxp/mcuxpressoide_11.1.1_3241/ide/plugins/com.nxp.mcuxpresso.tools.win32_11.1.0.202001081728/tools/bin/../lib/gcc/arm-none-eabi/8.3.1/../../../../arm-none-eabi/lib/thumb/v6-m/nofp\libcr_c.a(__init_alloc.o)
 .ARM.attributes
                0x000003bd       0x2c c:/nxp/mcuxpressoide_11.1.1_3241/ide/plugins/com.nxp.mcuxpresso.tools.win32_11.1.0.202001081728/tools/bin/../lib/gcc/arm-none-eabi/8.3.1/../../../../arm-none-eabi/lib/thumb/v6-m/nofp\libcr_c.a(_cr_sbrk.o)
 .ARM.attributes
                0x000003e9       0x2c c:/nxp/mcuxpressoide_11.1.1_3241/ide/plugins/com.nxp.mcuxpresso.tools.win32_11.1.0.202001081728/tools/bin/../lib/gcc/arm-none-eabi/8.3.1/../../../../arm-none-eabi/lib/thumb/v6-m/nofp\libcr_c.a(_fdopen.o)
 .ARM.attributes
                0x00000415       0x31 c:/nxp/mcuxpressoide_11.1.1_3241/ide/plugins/com.nxp.mcuxpresso.tools.win32_11.1.0.202001081728/tools/bin/../lib/gcc/arm-none-eabi/8.3.1/../../../../arm-none-eabi/lib/thumb/v6-m/nofp\libcr_c.a(errno.o)
 .ARM.attributes
                0x00000446       0x2c c:/nxp/mcuxpressoide_11.1.1_3241/ide/plugins/com.nxp.mcuxpresso.tools.win32_11.1.0.202001081728/tools/bin/../lib/gcc/arm-none-eabi/8.3.1/../../../../arm-none-eabi/lib/thumb/v6-m/nofp\libcr_c.a(fclose.o)
 .ARM.attributes
                0x00000472       0x2c c:/nxp/mcuxpressoide_11.1.1_3241/ide/plugins/com.nxp.mcuxpresso.tools.win32_11.1.0.202001081728/tools/bin/../lib/gcc/arm-none-eabi/8.3.1/../../../../arm-none-eabi/lib/thumb/v6-m/nofp\libcr_c.a(fflush.o)
 .ARM.attributes
                0x0000049e       0x2c c:/nxp/mcuxpressoide_11.1.1_3241/ide/plugins/com.nxp.mcuxpresso.tools.win32_11.1.0.202001081728/tools/bin/../lib/gcc/arm-none-eabi/8.3.1/../../../../arm-none-eabi/lib/thumb/v6-m/nofp\libcr_c.a(remove.o)
 .ARM.attributes
                0x000004ca       0x2c c:/nxp/mcuxpressoide_11.1.1_3241/ide/plugins/com.nxp.mcuxpresso.tools.win32_11.1.0.202001081728/tools/bin/../lib/gcc/arm-none-eabi/8.3.1/../../../../arm-none-eabi/lib/thumb/v6-m/nofp\libcr_c.a(strlen.o)
 .ARM.attributes
                0x000004f6       0x2c c:/nxp/mcuxpressoide_11.1.1_3241/ide/plugins/com.nxp.mcuxpresso.tools.win32_11.1.0.202001081728/tools/bin/../lib/gcc/arm-none-eabi/8.3.1/../../../../arm-none-eabi/lib/thumb/v6-m/nofp\libcr_c.a(_cr_check_heap.o)
 .ARM.attributes
                0x00000522       0x2c c:/nxp/mcuxpressoide_11.1.1_3241/ide/plugins/com.nxp.mcuxpresso.tools.win32_11.1.0.202001081728/tools/bin/../lib/gcc/arm-none-eabi/8.3.1/../../../../arm-none-eabi/lib/thumb/v6-m/nofp\libcr_c.a(_do_fflush.o)
 .ARM.attributes
                0x0000054e       0x1c c:/nxp/mcuxpressoide_11.1.1_3241/ide/plugins/com.nxp.mcuxpresso.tools.win32_11.1.0.202001081728/tools/bin/../lib/gcc/arm-none-eabi/8.3.1/thumb/v6-m/nofp\libcr_eabihelpers.a(division_32.o)
 .ARM.attributes
                0x0000056a       0x1c c:/nxp/mcuxpressoide_11.1.1_3241/ide/plugins/com.nxp.mcuxpresso.tools.win32_11.1.0.202001081728/tools/bin/../lib/gcc/arm-none-eabi/8.3.1/thumb/v6-m/nofp\libcr_eabihelpers.a(division_idiv0.o)
 .ARM.attributes
                0x00000586       0x2c c:/nxp/mcuxpressoide_11.1.1_3241/ide/plugins/com.nxp.mcuxpresso.tools.win32_11.1.0.202001081728/tools/bin/../lib/gcc/arm-none-eabi/8.3.1/thumb/v6-m/nofp\libcr_eabihelpers.a(float.o)
 .ARM.attributes
                0x000005b2       0x1c c:/nxp/mcuxpressoide_11.1.1_3241/ide/plugins/com.nxp.mcuxpresso.tools.win32_11.1.0.202001081728/tools/bin/../lib/gcc/arm-none-eabi/8.3.1/thumb/v6-m/nofp\libcr_eabihelpers.a(llong.o)
 .ARM.attributes
                0x000005ce       0x1c c:/nxp/mcuxpressoide_11.1.1_3241/ide/plugins/com.nxp.mcuxpresso.tools.win32_11.1.0.202001081728/tools/bin/../lib/gcc/arm-none-eabi/8.3.1/thumb/v6-m/nofp\libcr_eabihelpers.a(memcpy.o)
 .ARM.attributes
                0x000005ea       0x1c c:/nxp/mcuxpressoide_11.1.1_3241/ide/plugins/com.nxp.mcuxpresso.tools.win32_11.1.0.202001081728/tools/bin/../lib/gcc/arm-none-eabi/8.3.1/../../../../arm-none-eabi/lib/thumb/v6-m/nofp\libcr_semihost_nf.a(__sys_close.o)
 .ARM.attributes
                0x00000606       0x1c c:/nxp/mcuxpressoide_11.1.1_3241/ide/plugins/com.nxp.mcuxpresso.tools.win32_11.1.0.202001081728/tools/bin/../lib/gcc/arm-none-eabi/8.3.1/../../../../arm-none-eabi/lib/thumb/v6-m/nofp\libcr_semihost_nf.a(__sys_flen.o)
 .ARM.attributes
                0x00000622       0x1c c:/nxp/mcuxpressoide_11.1.1_3241/ide/plugins/com.nxp.mcuxpresso.tools.win32_11.1.0.202001081728/tools/bin/../lib/gcc/arm-none-eabi/8.3.1/../../../../arm-none-eabi/lib/thumb/v6-m/nofp\libcr_semihost_nf.a(__sys_istty.o)
 .ARM.attributes
                0x0000063e       0x1c c:/nxp/mcuxpressoide_11.1.1_3241/ide/plugins/com.nxp.mcuxpresso.tools.win32_11.1.0.202001081728/tools/bin/../lib/gcc/arm-none-eabi/8.3.1/../../../../arm-none-eabi/lib/thumb/v6-m/nofp\libcr_semihost_nf.a(__sys_remove.o)
 .ARM.attributes
                0x0000065a       0x1c c:/nxp/mcuxpressoide_11.1.1_3241/ide/plugins/com.nxp.mcuxpresso.tools.win32_11.1.0.202001081728/tools/bin/../lib/gcc/arm-none-eabi/8.3.1/../../../../arm-none-eabi/lib/thumb/v6-m/nofp\libcr_semihost_nf.a(__sys_seek.o)
 .ARM.attributes
                0x00000676       0x1c c:/nxp/mcuxpressoide_11.1.1_3241/ide/plugins/com.nxp.mcuxpresso.tools.win32_11.1.0.202001081728/tools/bin/../lib/gcc/arm-none-eabi/8.3.1/../../../../arm-none-eabi/lib/thumb/v6-m/nofp\libcr_semihost_nf.a(__sys_tmpnam.o)
 .ARM.attributes
                0x00000692       0x1c c:/nxp/mcuxpressoide_11.1.1_3241/ide/plugins/com.nxp.mcuxpresso.tools.win32_11.1.0.202001081728/tools/bin/../lib/gcc/arm-none-eabi/8.3.1/../../../../arm-none-eabi/lib/thumb/v6-m/nofp\libcr_semihost_nf.a(__sys_write.o)

.debug_frame    0x00000000      0xde4
 .debug_frame   0x00000000      0x3b0 ./startup/startup_lpc802.o
 .debug_frame   0x000003b0      0x2e0 ./source/ignition_interlock.o
 .debug_frame   0x00000690       0x20 ./source/semihost_hardfault.o
 .debug_frame   0x000006b0      0x208 ./drivers/fsl_clock.o
 .debug_frame   0x000008b8      0x3e8 ./drivers/fsl_usart.o
 .debug_frame   0x00000ca0       0x64 ./device/system_LPC802.o
 .debug_frame   0x00000d04       0xe0 ./board/clock_config.o

Cross Reference Table

Symbol                                            File
ADC0_OVR_DriverIRQHandler                         ./startup/startup_lpc802.o
ADC0_OVR_IRQHandler                               ./startup/startup_lpc802.o
ADC0_SEQA_DriverIRQHandler                        ./startup/startup_lpc802.o
ADC0_SEQA_IRQHandler                              ./startup/startup_lpc802.o
ADC0_SEQB_DriverIRQHandler                        ./startup/startup_lpc802.o
ADC0_SEQB_IRQHandler                              ./startup/startup_lpc802.o
ADC0_THCMP_DriverIRQHandler                       ./startup/startup_lpc802.o
ADC0_THCMP_IRQHandler                             ./startup/startup_lpc802.o
BOARD_BootClockFRO18M                             ./board/clock_config.o
BOARD_BootClockFRO24M                             ./board/clock_config.o
BOARD_BootClockFRO30M                             ./board/clock_config.o
                                                  ./source/ignition_interlock.o
BOARD_InitBUTTONsPins                             ./board/pin_mux.o
BOARD_InitBootClocks                              ./board/clock_config.o
BOARD_InitBootPeripherals                         ./board/peripherals.o
BOARD_InitBootPins                                ./board/pin_mux.o
BOARD_InitDEBUG_UARTPins                          ./board/pin_mux.o
BOARD_InitDebugConsole                            ./board/board.o
BOARD_InitI2CPins                                 ./board/pin_mux.o
BOARD_InitLEDsPins                                ./board/pin_mux.o
BOARD_InitPins                                    ./board/pin_mux.o
BOARD_InitSWD_DEBUGPins                           ./board/pin_mux.o
BOD_DriverIRQHandler                              ./startup/startup_lpc802.o
BOD_IRQHandler                                    ./startup/startup_lpc802.o
CLOCK_GetClockOutClkFreq                          ./drivers/fsl_clock.o
CLOCK_GetFRGClkFreq                               ./drivers/fsl_clock.o
CLOCK_GetFreq                                     ./drivers/fsl_clock.o
CLOCK_GetFroFreq                                  ./drivers/fsl_clock.o
CLOCK_GetMainClkFreq                              ./drivers/fsl_clock.o
CLOCK_GetUart0ClkFreq                             ./drivers/fsl_clock.o
CLOCK_GetUart1ClkFreq                             ./drivers/fsl_clock.o
CLOCK_InitExtClkin                                ./drivers/fsl_clock.o
CLOCK_SetFRGClkFreq                               ./drivers/fsl_clock.o
CLOCK_SetFroOscFreq                               ./drivers/fsl_clock.o
                                                  ./board/clock_config.o
CLOCK_SetMainClkSrc                               ./drivers/fsl_clock.o
                                                  ./board/clock_config.o
CMP_DriverIRQHandler                              ./startup/startup_lpc802.o
CMP_IRQHandler                                    ./startup/startup_lpc802.o
CTIMER0_DriverIRQHandler                          ./startup/startup_lpc802.o
CTIMER0_IRQHandler                                ./startup/startup_lpc802.o
DbgConsole_Deinit                                 ./utilities/fsl_debug_console.o
DbgConsole_Init                                   ./utilities/fsl_debug_console.o
DisableDeepSleepIRQ                               ./drivers/fsl_power.o
EnableDeepSleepIRQ                                ./drivers/fsl_power.o
ExtClockIn                                        ./board/board.o
FLASH_DriverIRQHandler                            ./startup/startup_lpc802.o
FLASH_IRQHandler                                  ./startup/startup_lpc802.o
GPIO_PinInit                                      ./drivers/fsl_gpio.o
GPIO_PortInit                                     ./drivers/fsl_gpio.o
HAL_UartDeinit                                    ./component/uart/miniusart_adapter.o
                                                  ./utilities/fsl_debug_console.o
HAL_UartEnterLowpower                             ./component/uart/miniusart_adapter.o
HAL_UartExitLowpower                              ./component/uart/miniusart_adapter.o
HAL_UartInit                                      ./component/uart/miniusart_adapter.o
                                                  ./utilities/fsl_debug_console.o
HAL_UartReceiveBlocking                           ./component/uart/miniusart_adapter.o
                                                  ./utilities/fsl_debug_console.o
HAL_UartSendBlocking                              ./component/uart/miniusart_adapter.o
                                                  ./utilities/fsl_debug_console.o
HardFault_Handler                                 ./source/semihost_hardfault.o
                                                  ./startup/startup_lpc802.o
I2C0_DriverIRQHandler                             ./startup/startup_lpc802.o
I2C0_IRQHandler                                   ./startup/startup_lpc802.o
IntDefaultHandler                                 ./startup/startup_lpc802.o
MRT0_DriverIRQHandler                             ./startup/startup_lpc802.o
MRT0_IRQHandler                                   ./source/ignition_interlock.o
                                                  ./startup/startup_lpc802.o
MRT_Config                                        ./source/ignition_interlock.o
NMI_Handler                                       ./startup/startup_lpc802.o
PIN_INT0_DriverIRQHandler                         ./startup/startup_lpc802.o
PIN_INT0_IRQHandler                               ./source/ignition_interlock.o
                                                  ./startup/startup_lpc802.o
PIN_INT1_DriverIRQHandler                         ./startup/startup_lpc802.o
PIN_INT1_IRQHandler                               ./startup/startup_lpc802.o
PIN_INT2_DriverIRQHandler                         ./startup/startup_lpc802.o
PIN_INT2_IRQHandler                               ./startup/startup_lpc802.o
PIN_INT3_DriverIRQHandler                         ./startup/startup_lpc802.o
PIN_INT3_IRQHandler                               ./startup/startup_lpc802.o
PIN_INT4_DriverIRQHandler                         ./startup/startup_lpc802.o
PIN_INT4_IRQHandler                               ./startup/startup_lpc802.o
PIN_INT5_DriverIRQHandler                         ./startup/startup_lpc802.o
PIN_INT5_IRQHandler                               ./startup/startup_lpc802.o
PIN_INT6_DriverIRQHandler                         ./startup/startup_lpc802.o
PIN_INT6_IRQHandler                               ./startup/startup_lpc802.o
PIN_INT7_DriverIRQHandler                         ./startup/startup_lpc802.o
PIN_INT7_IRQHandler                               ./startup/startup_lpc802.o
POWER_EnterDeepPowerDownMode                      ./drivers/fsl_power.o
POWER_EnterDeepSleep                              ./drivers/fsl_power.o
POWER_EnterPowerDown                              ./drivers/fsl_power.o
POWER_EnterSleep                                  ./drivers/fsl_power.o
PendSV_Handler                                    ./startup/startup_lpc802.o
RESET_PeripheralReset                             ./drivers/fsl_reset.o
                                                  ./drivers/fsl_usart.o
                                                  ./drivers/fsl_gpio.o
Reserved17_DriverIRQHandler                       ./startup/startup_lpc802.o
Reserved17_IRQHandler                             ./startup/startup_lpc802.o
Reserved18_DriverIRQHandler                       ./startup/startup_lpc802.o
Reserved18_IRQHandler                             ./startup/startup_lpc802.o
Reserved21_DriverIRQHandler                       ./startup/startup_lpc802.o
Reserved21_IRQHandler                             ./startup/startup_lpc802.o
Reserved22_DriverIRQHandler                       ./startup/startup_lpc802.o
Reserved22_IRQHandler                             ./startup/startup_lpc802.o
Reserved23_DriverIRQHandler                       ./startup/startup_lpc802.o
Reserved23_IRQHandler                             ./startup/startup_lpc802.o
Reserved25_DriverIRQHandler                       ./startup/startup_lpc802.o
Reserved25_IRQHandler                             ./startup/startup_lpc802.o
Reserved36_DriverIRQHandler                       ./startup/startup_lpc802.o
Reserved36_IRQHandler                             ./startup/startup_lpc802.o
Reserved37_DriverIRQHandler                       ./startup/startup_lpc802.o
Reserved37_IRQHandler                             ./startup/startup_lpc802.o
Reserved38_DriverIRQHandler                       ./startup/startup_lpc802.o
Reserved38_IRQHandler                             ./startup/startup_lpc802.o
ResetISR                                          ./startup/startup_lpc802.o
SDK_DelayAtLeastUs                                ./drivers/fsl_common.o
SDK_Free                                          ./drivers/fsl_common.o
SDK_Malloc                                        ./drivers/fsl_common.o
SPI0_DriverIRQHandler                             ./startup/startup_lpc802.o
SPI0_IRQHandler                                   ./startup/startup_lpc802.o
SVC_Handler                                       ./startup/startup_lpc802.o
SWM_SetFixedPinSelect                             ./drivers/fsl_swm.o
                                                  ./board/pin_mux.o
SWM_SetMovablePinSelect                           ./drivers/fsl_swm.o
                                                  ./board/pin_mux.o
SysTick_Configuration                             ./source/ignition_interlock.o
SysTick_Handler                                   ./source/ignition_interlock.o
                                                  ./startup/startup_lpc802.o
SystemCoreClock                                   ./device/system_LPC802.o
                                                  ./board/clock_config.o
SystemCoreClockUpdate                             ./device/system_LPC802.o
SystemInit                                        ./device/system_LPC802.o
                                                  ./startup/startup_lpc802.o
SystemInitHook                                    ./device/system_LPC802.o
USART0_DriverIRQHandler                           ./drivers/fsl_usart.o
                                                  ./startup/startup_lpc802.o
USART0_IRQHandler                                 ./startup/startup_lpc802.o
USART1_DriverIRQHandler                           ./drivers/fsl_usart.o
                                                  ./startup/startup_lpc802.o
USART1_IRQHandler                                 ./startup/startup_lpc802.o
USART_Deinit                                      ./drivers/fsl_usart.o
                                                  ./component/uart/miniusart_adapter.o
USART_GetDefaultConfig                            ./drivers/fsl_usart.o
                                                  ./component/uart/miniusart_adapter.o
USART_GetInstance                                 ./drivers/fsl_usart.o
USART_Init                                        ./drivers/fsl_usart.o
                                                  ./component/uart/miniusart_adapter.o
USART_ReadBlocking                                ./drivers/fsl_usart.o
                                                  ./component/uart/miniusart_adapter.o
USART_SetBaudRate                                 ./drivers/fsl_usart.o
USART_TransferAbortReceive                        ./drivers/fsl_usart.o
USART_TransferAbortSend                           ./drivers/fsl_usart.o
USART_TransferCreateHandle                        ./drivers/fsl_usart.o
USART_TransferGetReceiveCount                     ./drivers/fsl_usart.o
USART_TransferGetRxRingBufferLength               ./drivers/fsl_usart.o
USART_TransferGetSendCount                        ./drivers/fsl_usart.o
USART_TransferHandleIRQ                           ./drivers/fsl_usart.o
USART_TransferReceiveNonBlocking                  ./drivers/fsl_usart.o
USART_TransferSendNonBlocking                     ./drivers/fsl_usart.o
USART_TransferStartRingBuffer                     ./drivers/fsl_usart.o
USART_TransferStopRingBuffer                      ./drivers/fsl_usart.o
USART_WriteBlocking                               ./drivers/fsl_usart.o
                                                  ./component/uart/miniusart_adapter.o
WDT_DriverIRQHandler                              ./startup/startup_lpc802.o
WDT_IRQHandler                                    ./startup/startup_lpc802.o
WKT_DriverIRQHandler                              ./startup/startup_lpc802.o
WKT_IRQHandler                                    ./startup/startup_lpc802.o
_Csys_alloc                                       c:/nxp/mcuxpressoide_11.1.1_3241/ide/plugins/com.nxp.mcuxpresso.tools.win32_11.1.0.202001081728/tools/bin/../lib/gcc/arm-none-eabi/8.3.1/../../../../arm-none-eabi/lib/thumb/v6-m/nofp\libcr_c.a(alloc.o)
                                                  c:/nxp/mcuxpressoide_11.1.1_3241/ide/plugins/com.nxp.mcuxpresso.tools.win32_11.1.0.202001081728/tools/bin/../lib/gcc/arm-none-eabi/8.3.1/../../../../arm-none-eabi/lib/thumb/v6-m/nofp\libcr_c.a(_deferredlazyseek.o)
_Cwritebuf                                        c:/nxp/mcuxpressoide_11.1.1_3241/ide/plugins/com.nxp.mcuxpresso.tools.win32_11.1.0.202001081728/tools/bin/../lib/gcc/arm-none-eabi/8.3.1/../../../../arm-none-eabi/lib/thumb/v6-m/nofp\libcr_c.a(_writebuf.o)
                                                  c:/nxp/mcuxpressoide_11.1.1_3241/ide/plugins/com.nxp.mcuxpresso.tools.win32_11.1.0.202001081728/tools/bin/../lib/gcc/arm-none-eabi/8.3.1/../../../../arm-none-eabi/lib/thumb/v6-m/nofp\libcr_c.a(_fflush.o)
                                                  c:/nxp/mcuxpressoide_11.1.1_3241/ide/plugins/com.nxp.mcuxpresso.tools.win32_11.1.0.202001081728/tools/bin/../lib/gcc/arm-none-eabi/8.3.1/../../../../arm-none-eabi/lib/thumb/v6-m/nofp\libcr_c.a(_deferredlazyseek.o)
__CR_SEMIHOST                                     c:/nxp/mcuxpressoide_11.1.1_3241/ide/plugins/com.nxp.mcuxpresso.tools.win32_11.1.0.202001081728/tools/bin/../lib/gcc/arm-none-eabi/8.3.1/../../../../arm-none-eabi/lib/thumb/v6-m/nofp\libcr_semihost_nf.a(_cr__main.o)
__Ciob                                            c:/nxp/mcuxpressoide_11.1.1_3241/ide/plugins/com.nxp.mcuxpresso.tools.win32_11.1.0.202001081728/tools/bin/../lib/gcc/arm-none-eabi/8.3.1/../../../../arm-none-eabi/lib/thumb/v6-m/nofp\libcr_semihost_nf.a(__ciob.o)
                                                  c:/nxp/mcuxpressoide_11.1.1_3241/ide/plugins/com.nxp.mcuxpresso.tools.win32_11.1.0.202001081728/tools/bin/../lib/gcc/arm-none-eabi/8.3.1/../../../../arm-none-eabi/lib/thumb/v6-m/nofp\libcr_c.a(fflush.o)
                                                  c:/nxp/mcuxpressoide_11.1.1_3241/ide/plugins/com.nxp.mcuxpresso.tools.win32_11.1.0.202001081728/tools/bin/../lib/gcc/arm-none-eabi/8.3.1/../../../../arm-none-eabi/lib/thumb/v6-m/nofp\libcr_c.a(initio.o)
                                                  c:/nxp/mcuxpressoide_11.1.1_3241/ide/plugins/com.nxp.mcuxpresso.tools.win32_11.1.0.202001081728/tools/bin/../lib/gcc/arm-none-eabi/8.3.1/../../../../arm-none-eabi/lib/thumb/v6-m/nofp\libcr_semihost_nf.a(_cr_assert.o)
__Vectors                                         ./startup/startup_lpc802.o
__aeabi_cfcmpeq                                   c:/nxp/mcuxpressoide_11.1.1_3241/ide/plugins/com.nxp.mcuxpresso.tools.win32_11.1.0.202001081728/tools/bin/../lib/gcc/arm-none-eabi/8.3.1/thumb/v6-m/nofp\libcr_eabihelpers.a(float.o)
__aeabi_cfcmple                                   c:/nxp/mcuxpressoide_11.1.1_3241/ide/plugins/com.nxp.mcuxpresso.tools.win32_11.1.0.202001081728/tools/bin/../lib/gcc/arm-none-eabi/8.3.1/thumb/v6-m/nofp\libcr_eabihelpers.a(float.o)
__aeabi_cfrcmple                                  c:/nxp/mcuxpressoide_11.1.1_3241/ide/plugins/com.nxp.mcuxpresso.tools.win32_11.1.0.202001081728/tools/bin/../lib/gcc/arm-none-eabi/8.3.1/thumb/v6-m/nofp\libcr_eabihelpers.a(float.o)
__aeabi_f2d                                       c:/nxp/mcuxpressoide_11.1.1_3241/ide/plugins/com.nxp.mcuxpresso.tools.win32_11.1.0.202001081728/tools/bin/../lib/gcc/arm-none-eabi/8.3.1/thumb/v6-m/nofp\libcr_eabihelpers.a(float.o)
__aeabi_f2iz                                      c:/nxp/mcuxpressoide_11.1.1_3241/ide/plugins/com.nxp.mcuxpresso.tools.win32_11.1.0.202001081728/tools/bin/../lib/gcc/arm-none-eabi/8.3.1/thumb/v6-m/nofp\libcr_eabihelpers.a(float.o)
__aeabi_f2lz                                      c:/nxp/mcuxpressoide_11.1.1_3241/ide/plugins/com.nxp.mcuxpresso.tools.win32_11.1.0.202001081728/tools/bin/../lib/gcc/arm-none-eabi/8.3.1/thumb/v6-m/nofp\libcr_eabihelpers.a(float.o)
__aeabi_f2uiz                                     c:/nxp/mcuxpressoide_11.1.1_3241/ide/plugins/com.nxp.mcuxpresso.tools.win32_11.1.0.202001081728/tools/bin/../lib/gcc/arm-none-eabi/8.3.1/thumb/v6-m/nofp\libcr_eabihelpers.a(float.o)
                                                  ./source/ignition_interlock.o
__aeabi_f2ulz                                     c:/nxp/mcuxpressoide_11.1.1_3241/ide/plugins/com.nxp.mcuxpresso.tools.win32_11.1.0.202001081728/tools/bin/../lib/gcc/arm-none-eabi/8.3.1/thumb/v6-m/nofp\libcr_eabihelpers.a(float.o)
__aeabi_fadd                                      c:/nxp/mcuxpressoide_11.1.1_3241/ide/plugins/com.nxp.mcuxpresso.tools.win32_11.1.0.202001081728/tools/bin/../lib/gcc/arm-none-eabi/8.3.1/thumb/v6-m/nofp\libcr_eabihelpers.a(float.o)
__aeabi_fcmpeq                                    c:/nxp/mcuxpressoide_11.1.1_3241/ide/plugins/com.nxp.mcuxpresso.tools.win32_11.1.0.202001081728/tools/bin/../lib/gcc/arm-none-eabi/8.3.1/thumb/v6-m/nofp\libcr_eabihelpers.a(float.o)
__aeabi_fcmpge                                    c:/nxp/mcuxpressoide_11.1.1_3241/ide/plugins/com.nxp.mcuxpresso.tools.win32_11.1.0.202001081728/tools/bin/../lib/gcc/arm-none-eabi/8.3.1/thumb/v6-m/nofp\libcr_eabihelpers.a(float.o)
__aeabi_fcmpgt                                    c:/nxp/mcuxpressoide_11.1.1_3241/ide/plugins/com.nxp.mcuxpresso.tools.win32_11.1.0.202001081728/tools/bin/../lib/gcc/arm-none-eabi/8.3.1/thumb/v6-m/nofp\libcr_eabihelpers.a(float.o)
__aeabi_fcmple                                    c:/nxp/mcuxpressoide_11.1.1_3241/ide/plugins/com.nxp.mcuxpresso.tools.win32_11.1.0.202001081728/tools/bin/../lib/gcc/arm-none-eabi/8.3.1/thumb/v6-m/nofp\libcr_eabihelpers.a(float.o)
__aeabi_fcmplt                                    c:/nxp/mcuxpressoide_11.1.1_3241/ide/plugins/com.nxp.mcuxpresso.tools.win32_11.1.0.202001081728/tools/bin/../lib/gcc/arm-none-eabi/8.3.1/thumb/v6-m/nofp\libcr_eabihelpers.a(float.o)
__aeabi_fcmpun                                    c:/nxp/mcuxpressoide_11.1.1_3241/ide/plugins/com.nxp.mcuxpresso.tools.win32_11.1.0.202001081728/tools/bin/../lib/gcc/arm-none-eabi/8.3.1/thumb/v6-m/nofp\libcr_eabihelpers.a(float.o)
__aeabi_fdiv                                      c:/nxp/mcuxpressoide_11.1.1_3241/ide/plugins/com.nxp.mcuxpresso.tools.win32_11.1.0.202001081728/tools/bin/../lib/gcc/arm-none-eabi/8.3.1/thumb/v6-m/nofp\libcr_eabihelpers.a(float.o)
__aeabi_fmul                                      c:/nxp/mcuxpressoide_11.1.1_3241/ide/plugins/com.nxp.mcuxpresso.tools.win32_11.1.0.202001081728/tools/bin/../lib/gcc/arm-none-eabi/8.3.1/thumb/v6-m/nofp\libcr_eabihelpers.a(float.o)
                                                  ./source/ignition_interlock.o
__aeabi_fneg                                      c:/nxp/mcuxpressoide_11.1.1_3241/ide/plugins/com.nxp.mcuxpresso.tools.win32_11.1.0.202001081728/tools/bin/../lib/gcc/arm-none-eabi/8.3.1/thumb/v6-m/nofp\libcr_eabihelpers.a(float.o)
__aeabi_frsub                                     c:/nxp/mcuxpressoide_11.1.1_3241/ide/plugins/com.nxp.mcuxpresso.tools.win32_11.1.0.202001081728/tools/bin/../lib/gcc/arm-none-eabi/8.3.1/thumb/v6-m/nofp\libcr_eabihelpers.a(float.o)
__aeabi_fsub                                      c:/nxp/mcuxpressoide_11.1.1_3241/ide/plugins/com.nxp.mcuxpresso.tools.win32_11.1.0.202001081728/tools/bin/../lib/gcc/arm-none-eabi/8.3.1/thumb/v6-m/nofp\libcr_eabihelpers.a(float.o)
                                                  ./source/ignition_interlock.o
__aeabi_i2f                                       c:/nxp/mcuxpressoide_11.1.1_3241/ide/plugins/com.nxp.mcuxpresso.tools.win32_11.1.0.202001081728/tools/bin/../lib/gcc/arm-none-eabi/8.3.1/thumb/v6-m/nofp\libcr_eabihelpers.a(float.o)
__aeabi_idiv                                      c:/nxp/mcuxpressoide_11.1.1_3241/ide/plugins/com.nxp.mcuxpresso.tools.win32_11.1.0.202001081728/tools/bin/../lib/gcc/arm-none-eabi/8.3.1/thumb/v6-m/nofp\libcr_eabihelpers.a(division_32.o)
                                                  ./source/ignition_interlock.o
__aeabi_idiv0                                     c:/nxp/mcuxpressoide_11.1.1_3241/ide/plugins/com.nxp.mcuxpresso.tools.win32_11.1.0.202001081728/tools/bin/../lib/gcc/arm-none-eabi/8.3.1/thumb/v6-m/nofp\libcr_eabihelpers.a(division_idiv0.o)
                                                  c:/nxp/mcuxpressoide_11.1.1_3241/ide/plugins/com.nxp.mcuxpresso.tools.win32_11.1.0.202001081728/tools/bin/../lib/gcc/arm-none-eabi/8.3.1/thumb/v6-m/nofp\libcr_eabihelpers.a(division_64.o)
                                                  c:/nxp/mcuxpressoide_11.1.1_3241/ide/plugins/com.nxp.mcuxpresso.tools.win32_11.1.0.202001081728/tools/bin/../lib/gcc/arm-none-eabi/8.3.1/thumb/v6-m/nofp\libcr_eabihelpers.a(division_32.o)
__aeabi_idivmod                                   c:/nxp/mcuxpressoide_11.1.1_3241/ide/plugins/com.nxp.mcuxpresso.tools.win32_11.1.0.202001081728/tools/bin/../lib/gcc/arm-none-eabi/8.3.1/thumb/v6-m/nofp\libcr_eabihelpers.a(division_32.o)
                                                  ./source/ignition_interlock.o
__aeabi_l2f                                       c:/nxp/mcuxpressoide_11.1.1_3241/ide/plugins/com.nxp.mcuxpresso.tools.win32_11.1.0.202001081728/tools/bin/../lib/gcc/arm-none-eabi/8.3.1/thumb/v6-m/nofp\libcr_eabihelpers.a(float.o)
__aeabi_lasr                                      c:/nxp/mcuxpressoide_11.1.1_3241/ide/plugins/com.nxp.mcuxpresso.tools.win32_11.1.0.202001081728/tools/bin/../lib/gcc/arm-none-eabi/8.3.1/thumb/v6-m/nofp\libcr_eabihelpers.a(llong.o)
__aeabi_lcmp                                      c:/nxp/mcuxpressoide_11.1.1_3241/ide/plugins/com.nxp.mcuxpresso.tools.win32_11.1.0.202001081728/tools/bin/../lib/gcc/arm-none-eabi/8.3.1/thumb/v6-m/nofp\libcr_eabihelpers.a(llong.o)
__aeabi_ldivmod                                   c:/nxp/mcuxpressoide_11.1.1_3241/ide/plugins/com.nxp.mcuxpresso.tools.win32_11.1.0.202001081728/tools/bin/../lib/gcc/arm-none-eabi/8.3.1/thumb/v6-m/nofp\libcr_eabihelpers.a(division_64.o)
__aeabi_llsl                                      c:/nxp/mcuxpressoide_11.1.1_3241/ide/plugins/com.nxp.mcuxpresso.tools.win32_11.1.0.202001081728/tools/bin/../lib/gcc/arm-none-eabi/8.3.1/thumb/v6-m/nofp\libcr_eabihelpers.a(llong.o)
__aeabi_llsr                                      c:/nxp/mcuxpressoide_11.1.1_3241/ide/plugins/com.nxp.mcuxpresso.tools.win32_11.1.0.202001081728/tools/bin/../lib/gcc/arm-none-eabi/8.3.1/thumb/v6-m/nofp\libcr_eabihelpers.a(llong.o)
__aeabi_lmul                                      c:/nxp/mcuxpressoide_11.1.1_3241/ide/plugins/com.nxp.mcuxpresso.tools.win32_11.1.0.202001081728/tools/bin/../lib/gcc/arm-none-eabi/8.3.1/thumb/v6-m/nofp\libcr_eabihelpers.a(llong.o)
                                                  c:/nxp/mcuxpressoide_11.1.1_3241/ide/plugins/com.nxp.mcuxpresso.tools.win32_11.1.0.202001081728/tools/bin/../lib/gcc/arm-none-eabi/8.3.1/thumb/v6-m/nofp\libcr_eabihelpers.a(float.o)
                                                  ./drivers/fsl_common.o
__aeabi_lowlevel_memset                           c:/nxp/mcuxpressoide_11.1.1_3241/ide/plugins/com.nxp.mcuxpresso.tools.win32_11.1.0.202001081728/tools/bin/../lib/gcc/arm-none-eabi/8.3.1/thumb/v6-m/nofp\libcr_eabihelpers.a(memcpy.o)
                                                  c:/nxp/mcuxpressoide_11.1.1_3241/ide/plugins/com.nxp.mcuxpresso.tools.win32_11.1.0.202001081728/tools/bin/../lib/gcc/arm-none-eabi/8.3.1/../../../../arm-none-eabi/lib/thumb/v6-m/nofp\libcr_c.a(memset.o)
__aeabi_memclr                                    c:/nxp/mcuxpressoide_11.1.1_3241/ide/plugins/com.nxp.mcuxpresso.tools.win32_11.1.0.202001081728/tools/bin/../lib/gcc/arm-none-eabi/8.3.1/thumb/v6-m/nofp\libcr_eabihelpers.a(memcpy.o)
__aeabi_memclr4                                   c:/nxp/mcuxpressoide_11.1.1_3241/ide/plugins/com.nxp.mcuxpresso.tools.win32_11.1.0.202001081728/tools/bin/../lib/gcc/arm-none-eabi/8.3.1/thumb/v6-m/nofp\libcr_eabihelpers.a(memcpy.o)
__aeabi_memclr8                                   c:/nxp/mcuxpressoide_11.1.1_3241/ide/plugins/com.nxp.mcuxpresso.tools.win32_11.1.0.202001081728/tools/bin/../lib/gcc/arm-none-eabi/8.3.1/thumb/v6-m/nofp\libcr_eabihelpers.a(memcpy.o)
__aeabi_memcpy                                    c:/nxp/mcuxpressoide_11.1.1_3241/ide/plugins/com.nxp.mcuxpresso.tools.win32_11.1.0.202001081728/tools/bin/../lib/gcc/arm-none-eabi/8.3.1/thumb/v6-m/nofp\libcr_eabihelpers.a(memcpy.o)
                                                  c:/nxp/mcuxpressoide_11.1.1_3241/ide/plugins/com.nxp.mcuxpresso.tools.win32_11.1.0.202001081728/tools/bin/../lib/gcc/arm-none-eabi/8.3.1/../../../../arm-none-eabi/lib/thumb/v6-m/nofp\libcr_c.a(memcpy.o)
__aeabi_memcpy4                                   c:/nxp/mcuxpressoide_11.1.1_3241/ide/plugins/com.nxp.mcuxpresso.tools.win32_11.1.0.202001081728/tools/bin/../lib/gcc/arm-none-eabi/8.3.1/thumb/v6-m/nofp\libcr_eabihelpers.a(memcpy.o)
__aeabi_memcpy8                                   c:/nxp/mcuxpressoide_11.1.1_3241/ide/plugins/com.nxp.mcuxpresso.tools.win32_11.1.0.202001081728/tools/bin/../lib/gcc/arm-none-eabi/8.3.1/thumb/v6-m/nofp\libcr_eabihelpers.a(memcpy.o)
__aeabi_memmove                                   c:/nxp/mcuxpressoide_11.1.1_3241/ide/plugins/com.nxp.mcuxpresso.tools.win32_11.1.0.202001081728/tools/bin/../lib/gcc/arm-none-eabi/8.3.1/thumb/v6-m/nofp\libcr_eabihelpers.a(memcpy.o)
__aeabi_memmove4                                  c:/nxp/mcuxpressoide_11.1.1_3241/ide/plugins/com.nxp.mcuxpresso.tools.win32_11.1.0.202001081728/tools/bin/../lib/gcc/arm-none-eabi/8.3.1/thumb/v6-m/nofp\libcr_eabihelpers.a(memcpy.o)
__aeabi_memmove8                                  c:/nxp/mcuxpressoide_11.1.1_3241/ide/plugins/com.nxp.mcuxpresso.tools.win32_11.1.0.202001081728/tools/bin/../lib/gcc/arm-none-eabi/8.3.1/thumb/v6-m/nofp\libcr_eabihelpers.a(memcpy.o)
__aeabi_memset                                    c:/nxp/mcuxpressoide_11.1.1_3241/ide/plugins/com.nxp.mcuxpresso.tools.win32_11.1.0.202001081728/tools/bin/../lib/gcc/arm-none-eabi/8.3.1/thumb/v6-m/nofp\libcr_eabihelpers.a(memcpy.o)
__aeabi_memset4                                   c:/nxp/mcuxpressoide_11.1.1_3241/ide/plugins/com.nxp.mcuxpresso.tools.win32_11.1.0.202001081728/tools/bin/../lib/gcc/arm-none-eabi/8.3.1/thumb/v6-m/nofp\libcr_eabihelpers.a(memcpy.o)
__aeabi_memset8                                   c:/nxp/mcuxpressoide_11.1.1_3241/ide/plugins/com.nxp.mcuxpresso.tools.win32_11.1.0.202001081728/tools/bin/../lib/gcc/arm-none-eabi/8.3.1/thumb/v6-m/nofp\libcr_eabihelpers.a(memcpy.o)
__aeabi_ui2f                                      c:/nxp/mcuxpressoide_11.1.1_3241/ide/plugins/com.nxp.mcuxpresso.tools.win32_11.1.0.202001081728/tools/bin/../lib/gcc/arm-none-eabi/8.3.1/thumb/v6-m/nofp\libcr_eabihelpers.a(float.o)
__aeabi_uidiv                                     c:/nxp/mcuxpressoide_11.1.1_3241/ide/plugins/com.nxp.mcuxpresso.tools.win32_11.1.0.202001081728/tools/bin/../lib/gcc/arm-none-eabi/8.3.1/thumb/v6-m/nofp\libcr_eabihelpers.a(division_32.o)
                                                  ./device/system_LPC802.o
                                                  ./drivers/fsl_usart.o
                                                  ./drivers/fsl_clock.o
                                                  ./source/ignition_interlock.o
__aeabi_uidivmod                                  c:/nxp/mcuxpressoide_11.1.1_3241/ide/plugins/com.nxp.mcuxpresso.tools.win32_11.1.0.202001081728/tools/bin/../lib/gcc/arm-none-eabi/8.3.1/thumb/v6-m/nofp\libcr_eabihelpers.a(division_32.o)
__aeabi_ul2f                                      c:/nxp/mcuxpressoide_11.1.1_3241/ide/plugins/com.nxp.mcuxpresso.tools.win32_11.1.0.202001081728/tools/bin/../lib/gcc/arm-none-eabi/8.3.1/thumb/v6-m/nofp\libcr_eabihelpers.a(float.o)
__aeabi_ulcmp                                     c:/nxp/mcuxpressoide_11.1.1_3241/ide/plugins/com.nxp.mcuxpresso.tools.win32_11.1.0.202001081728/tools/bin/../lib/gcc/arm-none-eabi/8.3.1/thumb/v6-m/nofp\libcr_eabihelpers.a(llong.o)
__aeabi_uldivmod                                  c:/nxp/mcuxpressoide_11.1.1_3241/ide/plugins/com.nxp.mcuxpresso.tools.win32_11.1.0.202001081728/tools/bin/../lib/gcc/arm-none-eabi/8.3.1/thumb/v6-m/nofp\libcr_eabihelpers.a(division_64.o)
                                                  ./drivers/fsl_common.o
                                                  ./drivers/fsl_clock.o
__assertion_failed                                c:/nxp/mcuxpressoide_11.1.1_3241/ide/plugins/com.nxp.mcuxpresso.tools.win32_11.1.0.202001081728/tools/bin/../lib/gcc/arm-none-eabi/8.3.1/../../../../arm-none-eabi/lib/thumb/v6-m/nofp\libcr_semihost_nf.a(_cr_assert.o)
                                                  ./board/clock_config.o
                                                  ./component/uart/miniusart_adapter.o
                                                  ./drivers/fsl_usart.o
                                                  ./drivers/fsl_swm.o
                                                  ./drivers/fsl_reset.o
                                                  ./drivers/fsl_power.o
                                                  ./drivers/fsl_gpio.o
                                                  ./drivers/fsl_common.o
                                                  ./drivers/fsl_clock.o
__bhs_ui2f                                        c:/nxp/mcuxpressoide_11.1.1_3241/ide/plugins/com.nxp.mcuxpresso.tools.win32_11.1.0.202001081728/tools/bin/../lib/gcc/arm-none-eabi/8.3.1/thumb/v6-m/nofp\libcr_eabihelpers.a(float.o)
__bhs_ul2f                                        c:/nxp/mcuxpressoide_11.1.1_3241/ide/plugins/com.nxp.mcuxpresso.tools.win32_11.1.0.202001081728/tools/bin/../lib/gcc/arm-none-eabi/8.3.1/thumb/v6-m/nofp\libcr_eabihelpers.a(float.o)
__bss_section_table_end                           ./startup/startup_lpc802.o
__check_heap_overflow                             c:/nxp/mcuxpressoide_11.1.1_3241/ide/plugins/com.nxp.mcuxpresso.tools.win32_11.1.0.202001081728/tools/bin/../lib/gcc/arm-none-eabi/8.3.1/../../../../arm-none-eabi/lib/thumb/v6-m/nofp\libcr_c.a(_cr_check_heap.o)
                                                  c:/nxp/mcuxpressoide_11.1.1_3241/ide/plugins/com.nxp.mcuxpresso.tools.win32_11.1.0.202001081728/tools/bin/../lib/gcc/arm-none-eabi/8.3.1/../../../../arm-none-eabi/lib/thumb/v6-m/nofp\libcr_c.a(_cr_sbrk.o)
__data_section_table                              ./startup/startup_lpc802.o
__data_section_table_end                          ./startup/startup_lpc802.o
__end_of_heap                                     c:/nxp/mcuxpressoide_11.1.1_3241/ide/plugins/com.nxp.mcuxpresso.tools.win32_11.1.0.202001081728/tools/bin/../lib/gcc/arm-none-eabi/8.3.1/../../../../arm-none-eabi/lib/thumb/v6-m/nofp\libcr_c.a(__init_alloc.o)
                                                  c:/nxp/mcuxpressoide_11.1.1_3241/ide/plugins/com.nxp.mcuxpresso.tools.win32_11.1.0.202001081728/tools/bin/../lib/gcc/arm-none-eabi/8.3.1/../../../../arm-none-eabi/lib/thumb/v6-m/nofp\libcr_c.a(_cr_sbrk.o)
__exit                                            c:/nxp/mcuxpressoide_11.1.1_3241/ide/plugins/com.nxp.mcuxpresso.tools.win32_11.1.0.202001081728/tools/bin/../lib/gcc/arm-none-eabi/8.3.1/../../../../arm-none-eabi/lib/thumb/v6-m/nofp\libcr_semihost_nf.a(__sys_appexit.o)
__flsbuf                                          c:/nxp/mcuxpressoide_11.1.1_3241/ide/plugins/com.nxp.mcuxpresso.tools.win32_11.1.0.202001081728/tools/bin/../lib/gcc/arm-none-eabi/8.3.1/../../../../arm-none-eabi/lib/thumb/v6-m/nofp\libcr_c.a(_deferredlazyseek.o)
                                                  c:/nxp/mcuxpressoide_11.1.1_3241/ide/plugins/com.nxp.mcuxpresso.tools.win32_11.1.0.202001081728/tools/bin/../lib/gcc/arm-none-eabi/8.3.1/../../../../arm-none-eabi/lib/thumb/v6-m/nofp\libcr_c.a(fputs.o)
                                                  c:/nxp/mcuxpressoide_11.1.1_3241/ide/plugins/com.nxp.mcuxpresso.tools.win32_11.1.0.202001081728/tools/bin/../lib/gcc/arm-none-eabi/8.3.1/../../../../arm-none-eabi/lib/thumb/v6-m/nofp\libcr_semihost_nf.a(_cr_assert.o)
__heaps                                           c:/nxp/mcuxpressoide_11.1.1_3241/ide/plugins/com.nxp.mcuxpresso.tools.win32_11.1.0.202001081728/tools/bin/../lib/gcc/arm-none-eabi/8.3.1/../../../../arm-none-eabi/lib/thumb/v6-m/nofp\libcr_c.a(__init_alloc.o)
                                                  c:/nxp/mcuxpressoide_11.1.1_3241/ide/plugins/com.nxp.mcuxpresso.tools.win32_11.1.0.202001081728/tools/bin/../lib/gcc/arm-none-eabi/8.3.1/../../../../arm-none-eabi/lib/thumb/v6-m/nofp\libcr_c.a(alloc.o)
__main                                            c:/nxp/mcuxpressoide_11.1.1_3241/ide/plugins/com.nxp.mcuxpresso.tools.win32_11.1.0.202001081728/tools/bin/../lib/gcc/arm-none-eabi/8.3.1/../../../../arm-none-eabi/lib/thumb/v6-m/nofp\libcr_semihost_nf.a(_cr__main.o)
                                                  ./startup/startup_lpc802.o
__num_Ciob_streams                                c:/nxp/mcuxpressoide_11.1.1_3241/ide/plugins/com.nxp.mcuxpresso.tools.win32_11.1.0.202001081728/tools/bin/../lib/gcc/arm-none-eabi/8.3.1/../../../../arm-none-eabi/lib/thumb/v6-m/nofp\libcr_semihost_nf.a(__ciob.o)
                                                  c:/nxp/mcuxpressoide_11.1.1_3241/ide/plugins/com.nxp.mcuxpresso.tools.win32_11.1.0.202001081728/tools/bin/../lib/gcc/arm-none-eabi/8.3.1/../../../../arm-none-eabi/lib/thumb/v6-m/nofp\libcr_c.a(fflush.o)
                                                  c:/nxp/mcuxpressoide_11.1.1_3241/ide/plugins/com.nxp.mcuxpresso.tools.win32_11.1.0.202001081728/tools/bin/../lib/gcc/arm-none-eabi/8.3.1/../../../../arm-none-eabi/lib/thumb/v6-m/nofp\libcr_c.a(initio.o)
__sys_appexit                                     c:/nxp/mcuxpressoide_11.1.1_3241/ide/plugins/com.nxp.mcuxpresso.tools.win32_11.1.0.202001081728/tools/bin/../lib/gcc/arm-none-eabi/8.3.1/../../../../arm-none-eabi/lib/thumb/v6-m/nofp\libcr_semihost_nf.a(__sys_appexit.o)
                                                  c:/nxp/mcuxpressoide_11.1.1_3241/ide/plugins/com.nxp.mcuxpresso.tools.win32_11.1.0.202001081728/tools/bin/../lib/gcc/arm-none-eabi/8.3.1/../../../../arm-none-eabi/lib/thumb/v6-m/nofp\libcr_c.a(alloc.o)
                                                  c:/nxp/mcuxpressoide_11.1.1_3241/ide/plugins/com.nxp.mcuxpresso.tools.win32_11.1.0.202001081728/tools/bin/../lib/gcc/arm-none-eabi/8.3.1/../../../../arm-none-eabi/lib/thumb/v6-m/nofp\libcr_semihost_nf.a(_cr_assert.o)
__sys_close                                       c:/nxp/mcuxpressoide_11.1.1_3241/ide/plugins/com.nxp.mcuxpresso.tools.win32_11.1.0.202001081728/tools/bin/../lib/gcc/arm-none-eabi/8.3.1/../../../../arm-none-eabi/lib/thumb/v6-m/nofp\libcr_semihost_nf.a(__sys_close.o)
                                                  c:/nxp/mcuxpressoide_11.1.1_3241/ide/plugins/com.nxp.mcuxpresso.tools.win32_11.1.0.202001081728/tools/bin/../lib/gcc/arm-none-eabi/8.3.1/../../../../arm-none-eabi/lib/thumb/v6-m/nofp\libcr_c.a(fclose.o)
__sys_flen                                        c:/nxp/mcuxpressoide_11.1.1_3241/ide/plugins/com.nxp.mcuxpresso.tools.win32_11.1.0.202001081728/tools/bin/../lib/gcc/arm-none-eabi/8.3.1/../../../../arm-none-eabi/lib/thumb/v6-m/nofp\libcr_semihost_nf.a(__sys_flen.o)