core_cm0plus.h:741:22:__NVIC_EnableIRQ	16	static
core_cm0plus.h:777:22:__NVIC_DisableIRQ	16	static
core_cm0plus.h:848:22:__NVIC_SetPriority	24	static
core_cm0plus.h:1053:26:SysTick_Config	16	static
ignition_interlock.c:66:6:delay	16	static
ignition_interlock.c:73:6:SysTick_Configuration	8	static
ignition_interlock.c:96:6:SysTick_Handler	16	static
ignition_interlock.c:108:6:init_ADC	8	static
ignition_interlock.c:118:6:MRT_Config	8	static
ignition_interlock.c:141:6:MRT0_IRQHandler	16	static
ignition_interlock.c:203:6:PIN_INT0_IRQHandler	8	static
ignition_interlock.c:245:5:main	16	static
ignition_interlock.c:318:6:displayON	8	static
ignition_interlock.c:352:6:clearLCDDisplay	8	static
ignition_interlock.c:370:6:moveLCDCursor	8	static
ignition_interlock.c:388:6:setLCDNewLine	8	static
ignition_interlock.c:406:6:setLCDInitialMsg	8	static
ignition_interlock.c:440:6:setLCDBlowMsg	8	static
ignition_interlock.c:459:6:setLCDFinalMsg	8	static
ignition_interlock.c:534:6:setLCDRetryMsg	8	static
ignition_interlock.c:547:6:setLCDBACMsg	24	static
ignition_interlock.c:581:6:setLCDResultMsg	16	static
ignition_interlock.c:606:6:displayNum	16	static
ignition_interlock.c:707:6:display	16	static
